
Discarded input sections

 .comment       0x00000000       0x1c build/tcnt.o
 .riscv.attributes
                0x00000000       0x1c build/tcnt.o
 .comment       0x00000000       0x1c build/firmware.o
 .riscv.attributes
                0x00000000       0x1c build/firmware.o
 .riscv.attributes
                0x00000000       0x1a build/start.o

Memory Configuration

Name             Origin             Length             Attributes
ROM              0x00000000         0x00000800         xr
RAM              0x00000800         0x00000800         xrw
*default*        0x00000000         0xffffffff

Linker script and memory map


.text           0x00000000      0x2b8
                0x00000000                        . = 0x0
 *(.init)
 .init          0x00000000       0xc0 build/start.o
                0x00000000                start
                0x00000090                sw_mult
 *(.text*)
 .text          0x000000c0       0x78 build/tcnt.o
                0x000000c0                TCNT_start
                0x000000d4                TCNT_stop
                0x000000e8                TCNT_start_div8
                0x00000110                TCNT_start_div16
 .text          0x00000138      0x100 build/firmware.o
                0x00000138                delay
                0x00000168                matrix_mult
 .text.startup  0x00000238       0x80 build/firmware.o
                0x00000238                main
 .text          0x000002b8        0x0 build/start.o

.data           0x00000800        0x0
                0x00000000                        . = 0x0
 *(.data)
 .data          0x00000800        0x0 build/tcnt.o
 .data          0x00000800        0x0 build/firmware.o
 .data          0x00000800        0x0 build/start.o

.bss            0x00000800        0x0
 .bss           0x00000800        0x0 build/tcnt.o
 .bss           0x00000800        0x0 build/firmware.o
 .bss           0x00000800        0x0 build/start.o

.rodata         0x00000800      0x400
                0x00000400                        . = 0x400
 *fill*         0x00000800      0x400 
 *(.rodata)
                0x00000c00                        . = ALIGN (0x4)
 FILL mask 0xff

/DISCARD/
 *(.note*)
 *(.iplt*)
 *(.igot*)
 *(.rel*)
 *(.comment)
 *(.riscv.attributes)
LOAD build/tcnt.o
LOAD build/firmware.o
LOAD build/start.o
LOAD /opt/riscv/lib/gcc/riscv32-unknown-elf/13.2.0/libgcc.a
START GROUP
LOAD /opt/riscv/lib/gcc/riscv32-unknown-elf/13.2.0/../../../../riscv32-unknown-elf/lib/libc.a
LOAD /opt/riscv/lib/gcc/riscv32-unknown-elf/13.2.0/../../../../riscv32-unknown-elf/lib/libgloss.a
END GROUP
LOAD /opt/riscv/lib/gcc/riscv32-unknown-elf/13.2.0/libgcc.a
OUTPUT(firmware.elf elf32-littleriscv)
