Archive member included to satisfy reference by file (symbol)

/opt/riscv/lib/gcc/riscv32-unknown-elf/13.2.0/libgcc.a(muldi3.o)
                              build/print.o (__mulsi3)
/opt/riscv/lib/gcc/riscv32-unknown-elf/13.2.0/../../../../riscv32-unknown-elf/lib/libc.a(libc_a-printf.o)
                              build/print.o (printf)
/opt/riscv/lib/gcc/riscv32-unknown-elf/13.2.0/../../../../riscv32-unknown-elf/lib/libc.a(libc_a-impure.o)
                              /opt/riscv/lib/gcc/riscv32-unknown-elf/13.2.0/../../../../riscv32-unknown-elf/lib/libc.a(libc_a-printf.o) (_impure_ptr)
/opt/riscv/lib/gcc/riscv32-unknown-elf/13.2.0/../../../../riscv32-unknown-elf/lib/libc.a(libc_a-findfp.o)
                              /opt/riscv/lib/gcc/riscv32-unknown-elf/13.2.0/../../../../riscv32-unknown-elf/lib/libc.a(libc_a-impure.o) (__sf)
/opt/riscv/lib/gcc/riscv32-unknown-elf/13.2.0/../../../../riscv32-unknown-elf/lib/libc.a(libc_a-stdio.o)
                              /opt/riscv/lib/gcc/riscv32-unknown-elf/13.2.0/../../../../riscv32-unknown-elf/lib/libc.a(libc_a-findfp.o) (__sread)
/opt/riscv/lib/gcc/riscv32-unknown-elf/13.2.0/../../../../riscv32-unknown-elf/lib/libc.a(libc_a-fwalk.o)
                              /opt/riscv/lib/gcc/riscv32-unknown-elf/13.2.0/../../../../riscv32-unknown-elf/lib/libc.a(libc_a-findfp.o) (_fwalk_sglue)
/opt/riscv/lib/gcc/riscv32-unknown-elf/13.2.0/../../../../riscv32-unknown-elf/lib/libc.a(libc_a-writer.o)
                              /opt/riscv/lib/gcc/riscv32-unknown-elf/13.2.0/../../../../riscv32-unknown-elf/lib/libc.a(libc_a-stdio.o) (_write_r)
/opt/riscv/lib/gcc/riscv32-unknown-elf/13.2.0/../../../../riscv32-unknown-elf/lib/libc.a(libc_a-vfprintf.o)
                              /opt/riscv/lib/gcc/riscv32-unknown-elf/13.2.0/../../../../riscv32-unknown-elf/lib/libc.a(libc_a-printf.o) (_vfprintf_r)
/opt/riscv/lib/gcc/riscv32-unknown-elf/13.2.0/../../../../riscv32-unknown-elf/lib/libc.a(libc_a-vfiprintf.o)
                              /opt/riscv/lib/gcc/riscv32-unknown-elf/13.2.0/../../../../riscv32-unknown-elf/lib/libc.a(libc_a-vfprintf.o) (__sprint_r)
/opt/riscv/lib/gcc/riscv32-unknown-elf/13.2.0/../../../../riscv32-unknown-elf/lib/libc.a(libc_a-mallocr.o)
                              /opt/riscv/lib/gcc/riscv32-unknown-elf/13.2.0/../../../../riscv32-unknown-elf/lib/libc.a(libc_a-findfp.o) (_malloc_r)
/opt/riscv/lib/gcc/riscv32-unknown-elf/13.2.0/../../../../riscv32-unknown-elf/lib/libc.a(libc_a-memchr.o)
                              /opt/riscv/lib/gcc/riscv32-unknown-elf/13.2.0/../../../../riscv32-unknown-elf/lib/libc.a(libc_a-vfprintf.o) (memchr)
/opt/riscv/lib/gcc/riscv32-unknown-elf/13.2.0/../../../../riscv32-unknown-elf/lib/libc.a(libc_a-localeconv.o)
                              /opt/riscv/lib/gcc/riscv32-unknown-elf/13.2.0/../../../../riscv32-unknown-elf/lib/libc.a(libc_a-vfprintf.o) (_localeconv_r)
/opt/riscv/lib/gcc/riscv32-unknown-elf/13.2.0/../../../../riscv32-unknown-elf/lib/libc.a(libc_a-fclose.o)
                              /opt/riscv/lib/gcc/riscv32-unknown-elf/13.2.0/../../../../riscv32-unknown-elf/lib/libc.a(libc_a-findfp.o) (_fclose_r)
/opt/riscv/lib/gcc/riscv32-unknown-elf/13.2.0/../../../../riscv32-unknown-elf/lib/libc.a(libc_a-memset.o)
                              /opt/riscv/lib/gcc/riscv32-unknown-elf/13.2.0/../../../../riscv32-unknown-elf/lib/libc.a(libc_a-findfp.o) (memset)
/opt/riscv/lib/gcc/riscv32-unknown-elf/13.2.0/../../../../riscv32-unknown-elf/lib/libc.a(libc_a-wsetup.o)
                              /opt/riscv/lib/gcc/riscv32-unknown-elf/13.2.0/../../../../riscv32-unknown-elf/lib/libc.a(libc_a-vfprintf.o) (__swsetup_r)
/opt/riscv/lib/gcc/riscv32-unknown-elf/13.2.0/../../../../riscv32-unknown-elf/lib/libc.a(libc_a-makebuf.o)
                              /opt/riscv/lib/gcc/riscv32-unknown-elf/13.2.0/../../../../riscv32-unknown-elf/lib/libc.a(libc_a-wsetup.o) (__smakebuf_r)
/opt/riscv/lib/gcc/riscv32-unknown-elf/13.2.0/../../../../riscv32-unknown-elf/lib/libc.a(libc_a-strlen.o)
                              /opt/riscv/lib/gcc/riscv32-unknown-elf/13.2.0/../../../../riscv32-unknown-elf/lib/libc.a(libc_a-vfprintf.o) (strlen)
/opt/riscv/lib/gcc/riscv32-unknown-elf/13.2.0/../../../../riscv32-unknown-elf/lib/libc.a(libc_a-mlock.o)
                              /opt/riscv/lib/gcc/riscv32-unknown-elf/13.2.0/../../../../riscv32-unknown-elf/lib/libc.a(libc_a-mallocr.o) (__malloc_lock)
/opt/riscv/lib/gcc/riscv32-unknown-elf/13.2.0/../../../../riscv32-unknown-elf/lib/libc.a(libc_a-closer.o)
                              /opt/riscv/lib/gcc/riscv32-unknown-elf/13.2.0/../../../../riscv32-unknown-elf/lib/libc.a(libc_a-stdio.o) (_close_r)
/opt/riscv/lib/gcc/riscv32-unknown-elf/13.2.0/../../../../riscv32-unknown-elf/lib/libc.a(libc_a-reent.o)
                              /opt/riscv/lib/gcc/riscv32-unknown-elf/13.2.0/../../../../riscv32-unknown-elf/lib/libc.a(libc_a-writer.o) (errno)
[...]
Memory Configuration

Name             Origin             Length             Attributes
ROM              0x00000000         0x00000800         xr
RAM              0x00000800         0x00000800         xrw
*default*        0x00000000         0xffffffff

Linker script and memory map


.text           0x00000000     0x9fea
                0x00000000                        . = 0x0
 *(.init)
 .init          0x00000000       0x90 build/start.o
                0x00000000                start
 *(.text*)
 .text          0x00000090      0x1dc build/print.o
                0x00000090                print_chr
                0x0000009c                print_str
                0x000000b8                divide
                0x00000148                print_dec
                0x000001c8                getDigit
                0x000001e8                print_hex
                0x00000230                convert
 .text          0x0000026c        0x0 build/firmware.o
 .text.startup  0x0000026c       0x3c build/firmware.o
                0x0000026c                main
 .text          0x000002a8        0x0 build/start.o
 .text          0x000002a8       0x16 /opt/riscv/lib/gcc/riscv32-unknown-elf/13.2.0/libgcc.a(muldi3.o)
                0x000002a8                __mulsi3
 .text          0x000002be        0x0 /opt/riscv/lib/gcc/riscv32-unknown-elf/13.2.0/../../../../riscv32-unknown-elf/lib/libc.a(libc_a-printf.o)
 .text._printf_r
                0x000002be       0x20 /opt/riscv/lib/gcc/riscv32-unknown-elf/13.2.0/../../../../riscv32-unknown-elf/lib/libc.a(libc_a-printf.o)
                0x000002be                _printf_r
 .text.printf   0x000002de       0x2c /opt/riscv/lib/gcc/riscv32-unknown-elf/13.2.0/../../../../riscv32-unknown-elf/lib/libc.a(libc_a-printf.o)
                0x000002de                printf
 .text          0x0000030a        0x0 /opt/riscv/lib/gcc/riscv32-unknown-elf/13.2.0/../../../../riscv32-unknown-elf/lib/libc.a(libc_a-impure.o)
 .text          0x0000030a        0x0 /opt/riscv/lib/gcc/riscv32-unknown-elf/13.2.0/../../../../riscv32-unknown-elf/lib/libc.a(libc_a-findfp.o)
 .text.__fp_lock
                0x0000030a        0x4 /opt/riscv/lib/gcc/riscv32-unknown-elf/13.2.0/../../../../riscv32-unknown-elf/lib/libc.a(libc_a-findfp.o)
 .text.stdio_exit_handler
                0x0000030e       0x14 /opt/riscv/lib/gcc/riscv32-unknown-elf/13.2.0/../../../../riscv32-unknown-elf/lib/libc.a(libc_a-findfp.o)
 .text.cleanup_stdio
                0x00000322       0x4a /opt/riscv/lib/gcc/riscv32-unknown-elf/13.2.0/../../../../riscv32-unknown-elf/lib/libc.a(libc_a-findfp.o)
 .text.__fp_unlock
                0x0000036c        0x4 /opt/riscv/lib/gcc/riscv32-unknown-elf/13.2.0/../../../../riscv32-unknown-elf/lib/libc.a(libc_a-findfp.o)
 .text.global_stdio_init.part.0
                0x00000370      0x114 /opt/riscv/lib/gcc/riscv32-unknown-elf/13.2.0/../../../../riscv32-unknown-elf/lib/libc.a(libc_a-findfp.o)
 .text.__sfp    0x00000484       0xd2 /opt/riscv/lib/gcc/riscv32-unknown-elf/13.2.0/../../../../riscv32-unknown-elf/lib/libc.a(libc_a-findfp.o)
                0x00000484                __sfp
 .text.__sinit  0x00000556       0x16 /opt/riscv/lib/gcc/riscv32-unknown-elf/13.2.0/../../../../riscv32-unknown-elf/lib/libc.a(libc_a-findfp.o)
                0x00000556                __sinit
 .text.__sfp_lock_acquire
                0x0000056c        0x2 /opt/riscv/lib/gcc/riscv32-unknown-elf/13.2.0/../../../../riscv32-unknown-elf/lib/libc.a(libc_a-findfp.o)
                0x0000056c                __sfp_lock_acquire
 .text.__sfp_lock_release
                0x0000056e        0x2 /opt/riscv/lib/gcc/riscv32-unknown-elf/13.2.0/../../../../riscv32-unknown-elf/lib/libc.a(libc_a-findfp.o)
                0x0000056e                __sfp_lock_release
 .text.__fp_lock_all
                0x00000570        0xe /opt/riscv/lib/gcc/riscv32-unknown-elf/13.2.0/../../../../riscv32-unknown-elf/lib/libc.a(libc_a-findfp.o)
                0x00000570                __fp_lock_all
 .text.__fp_unlock_all
                0x0000057e        0xe /opt/riscv/lib/gcc/riscv32-unknown-elf/13.2.0/../../../../riscv32-unknown-elf/lib/libc.a(libc_a-findfp.o)
                0x0000057e                __fp_unlock_all
 .text          0x0000058c        0x0 /opt/riscv/lib/gcc/riscv32-unknown-elf/13.2.0/../../../../riscv32-unknown-elf/lib/libc.a(libc_a-stdio.o)
 .text.__sread  0x0000058c       0x38 /opt/riscv/lib/gcc/riscv32-unknown-elf/13.2.0/../../../../riscv32-unknown-elf/lib/libc.a(libc_a-stdio.o)
                0x0000058c                __sread
 .text.__seofread
                0x000005c4        0x4 /opt/riscv/lib/gcc/riscv32-unknown-elf/13.2.0/../../../../riscv32-unknown-elf/lib/libc.a(libc_a-stdio.o)
                0x000005c4                __seofread
 .text.__swrite
                0x000005c8       0x52 /opt/riscv/lib/gcc/riscv32-unknown-elf/13.2.0/../../../../riscv32-unknown-elf/lib/libc.a(libc_a-stdio.o)
                0x000005c8                __swrite
 .text.__sseek  0x0000061a       0x4a /opt/riscv/lib/gcc/riscv32-unknown-elf/13.2.0/../../../../riscv32-unknown-elf/lib/libc.a(libc_a-stdio.o)
                0x0000061a                __sseek
 .text.__sclose
                0x00000664        0x8 /opt/riscv/lib/gcc/riscv32-unknown-elf/13.2.0/../../../../riscv32-unknown-elf/lib/libc.a(libc_a-stdio.o)
                0x00000664                __sclose
 .text          0x0000066c        0x0 /opt/riscv/lib/gcc/riscv32-unknown-elf/13.2.0/../../../../riscv32-unknown-elf/lib/libc.a(libc_a-fwalk.o)
 .text._fwalk_sglue
                0x0000066c       0x72 /opt/riscv/lib/gcc/riscv32-unknown-elf/13.2.0/../../../../riscv32-unknown-elf/lib/libc.a(libc_a-fwalk.o)
                0x0000066c                _fwalk_sglue
 .text          0x000006de        0x0 /opt/riscv/lib/gcc/riscv32-unknown-elf/13.2.0/../../../../riscv32-unknown-elf/lib/libc.a(libc_a-writer.o)
 .text._write_r
                0x000006de       0x3e /opt/riscv/lib/gcc/riscv32-unknown-elf/13.2.0/../../../../riscv32-unknown-elf/lib/libc.a(libc_a-writer.o)
                0x000006de                _write_r
 .text          0x0000071c        0x0 /opt/riscv/lib/gcc/riscv32-unknown-elf/13.2.0/../../../../riscv32-unknown-elf/lib/libc.a(libc_a-vfprintf.o)
 .text._vfprintf_r
                0x0000071c     0x1b9e /opt/riscv/lib/gcc/riscv32-unknown-elf/13.2.0/../../../../riscv32-unknown-elf/lib/libc.a(libc_a-vfprintf.o)
                0x0000071c                _vfprintf_r
 .text.vfprintf
                0x000022ba       0x12 /opt/riscv/lib/gcc/riscv32-unknown-elf/13.2.0/../../../../riscv32-unknown-elf/lib/libc.a(libc_a-vfprintf.o)
                0x000022ba                vfprintf
 .text.__sbprintf
                0x000022cc       0x96 /opt/riscv/lib/gcc/riscv32-unknown-elf/13.2.0/../../../../riscv32-unknown-elf/lib/libc.a(libc_a-vfprintf.o)
 .text          0x00002362        0x0 /opt/riscv/lib/gcc/riscv32-unknown-elf/13.2.0/../../../../riscv32-unknown-elf/lib/libc.a(libc_a-vfiprintf.o)
 .text.__sprint_r.part.0
                0x00002362       0xb8 /opt/riscv/lib/gcc/riscv32-unknown-elf/13.2.0/../../../../riscv32-unknown-elf/lib/libc.a(libc_a-vfiprintf.o)
 .text.__sprint_r
                0x0000241a        0xe /opt/riscv/lib/gcc/riscv32-unknown-elf/13.2.0/../../../../riscv32-unknown-elf/lib/libc.a(libc_a-vfiprintf.o)
                0x0000241a                __sprint_r
 .text._vfiprintf_r
                0x00002428      0xd96 /opt/riscv/lib/gcc/riscv32-unknown-elf/13.2.0/../../../../riscv32-unknown-elf/lib/libc.a(libc_a-vfiprintf.o)
                0x00002428                _vfiprintf_r
 .text.vfiprintf
                0x000031be       0x12 /opt/riscv/lib/gcc/riscv32-unknown-elf/13.2.0/../../../../riscv32-unknown-elf/lib/libc.a(libc_a-vfiprintf.o)
                0x000031be                vfiprintf
 .text.__sbprintf
                0x000031d0       0x96 /opt/riscv/lib/gcc/riscv32-unknown-elf/13.2.0/../../../../riscv32-unknown-elf/lib/libc.a(libc_a-vfiprintf.o)
 .text          0x00003266        0x0 /opt/riscv/lib/gcc/riscv32-unknown-elf/13.2.0/../../../../riscv32-unknown-elf/lib/libc.a(libc_a-mallocr.o)
 .text._malloc_r
                0x00003266      0x5ba /opt/riscv/lib/gcc/riscv32-unknown-elf/13.2.0/../../../../riscv32-unknown-elf/lib/libc.a(libc_a-mallocr.o)
                0x00003266                _malloc_r
 .text          0x00003820        0x0 /opt/riscv/lib/gcc/riscv32-unknown-elf/13.2.0/../../../../riscv32-unknown-elf/lib/libc.a(libc_a-memchr.o)
 .text.memchr   0x00003820       0x8e /opt/riscv/lib/gcc/riscv32-unknown-elf/13.2.0/../../../../riscv32-unknown-elf/lib/libc.a(libc_a-memchr.o)
                0x00003820                memchr
 .text          0x000038ae        0x0 /opt/riscv/lib/gcc/riscv32-unknown-elf/13.2.0/../../../../riscv32-unknown-elf/lib/libc.a(libc_a-localeconv.o)
 .text.__localeconv_l
                0x000038ae        0x6 /opt/riscv/lib/gcc/riscv32-unknown-elf/13.2.0/../../../../riscv32-unknown-elf/lib/libc.a(libc_a-localeconv.o)
                0x000038ae                __localeconv_l
 .text._localeconv_r
                0x000038b4        0x8 /opt/riscv/lib/gcc/riscv32-unknown-elf/13.2.0/../../../../riscv32-unknown-elf/lib/libc.a(libc_a-localeconv.o)
                0x000038b4                _localeconv_r
 .text.localeconv
                0x000038bc        0x8 /opt/riscv/lib/gcc/riscv32-unknown-elf/13.2.0/../../../../riscv32-unknown-elf/lib/libc.a(libc_a-localeconv.o)
                0x000038bc                localeconv
 .text          0x000038c4        0x0 /opt/riscv/lib/gcc/riscv32-unknown-elf/13.2.0/../../../../riscv32-unknown-elf/lib/libc.a(libc_a-fclose.o)
 .text._fclose_r
                0x000038c4       0xa6 /opt/riscv/lib/gcc/riscv32-unknown-elf/13.2.0/../../../../riscv32-unknown-elf/lib/libc.a(libc_a-fclose.o)
                0x000038c4                _fclose_r
 .text.fclose   0x0000396a        0xa /opt/riscv/lib/gcc/riscv32-unknown-elf/13.2.0/../../../../riscv32-unknown-elf/lib/libc.a(libc_a-fclose.o)
                0x0000396a                fclose
 .text          0x00003974       0xa8 /opt/riscv/lib/gcc/riscv32-unknown-elf/13.2.0/../../../../riscv32-unknown-elf/lib/libc.a(libc_a-memset.o)
                0x00003974                memset
 .text          0x00003a1c        0x0 /opt/riscv/lib/gcc/riscv32-unknown-elf/13.2.0/../../../../riscv32-unknown-elf/lib/libc.a(libc_a-wsetup.o)
 .text.__swsetup_r
                0x00003a1c       0xd8 /opt/riscv/lib/gcc/riscv32-unknown-elf/13.2.0/../../../../riscv32-unknown-elf/lib/libc.a(libc_a-wsetup.o)
                0x00003a1c                __swsetup_r
 .text          0x00003af4        0x0 /opt/riscv/lib/gcc/riscv32-unknown-elf/13.2.0/../../../../riscv32-unknown-elf/lib/libc.a(libc_a-makebuf.o)
 .text.__smakebuf_r
                0x00003af4      0x110 /opt/riscv/lib/gcc/riscv32-unknown-elf/13.2.0/../../../../riscv32-unknown-elf/lib/libc.a(libc_a-makebuf.o)
                0x00003af4                __smakebuf_r
 .text.__swhatbuf_r
                0x00003c04       0x88 /opt/riscv/lib/gcc/riscv32-unknown-elf/13.2.0/../../../../riscv32-unknown-elf/lib/libc.a(libc_a-makebuf.o)
                0x00003c04                __swhatbuf_r
 .text          0x00003c8c        0x0 /opt/riscv/lib/gcc/riscv32-unknown-elf/13.2.0/../../../../riscv32-unknown-elf/lib/libc.a(libc_a-strlen.o)
 .text.strlen   0x00003c8c       0x64 /opt/riscv/lib/gcc/riscv32-unknown-elf/13.2.0/../../../../riscv32-unknown-elf/lib/libc.a(libc_a-strlen.o)
                0x00003c8c                strlen
 .text          0x00003cf0        0x0 /opt/riscv/lib/gcc/riscv32-unknown-elf/13.2.0/../../../../riscv32-unknown-elf/lib/libc.a(libc_a-mlock.o)
 .text.__malloc_lock
                0x00003cf0        0x2 /opt/riscv/lib/gcc/riscv32-unknown-elf/13.2.0/../../../../riscv32-unknown-elf/lib/libc.a(libc_a-mlock.o)
                0x00003cf0                __malloc_lock
 .text.__malloc_unlock
                0x00003cf2        0x2 /opt/riscv/lib/gcc/riscv32-unknown-elf/13.2.0/../../../../riscv32-unknown-elf/lib/libc.a(libc_a-mlock.o)
                0x00003cf2                __malloc_unlock
 .text          0x00003cf4        0x0 /opt/riscv/lib/gcc/riscv32-unknown-elf/13.2.0/../../../../riscv32-unknown-elf/lib/libc.a(libc_a-closer.o)
 .text._close_r
                0x00003cf4       0x38 /opt/riscv/lib/gcc/riscv32-unknown-elf/13.2.0/../../../../riscv32-unknown-elf/lib/libc.a(libc_a-closer.o)
                0x00003cf4                _close_r
 .text          0x00003d2c        0x0 /opt/riscv/lib/gcc/riscv32-unknown-elf/13.2.0/../../../../riscv32-unknown-elf/lib/libc.a(libc_a-reent.o)
 .text._reclaim_reent
                0x00003d2c       0x6e /opt/riscv/lib/gcc/riscv32-unknown-elf/13.2.0/../../../../riscv32-unknown-elf/lib/libc.a(libc_a-reent.o)
                0x00003d2c                _reclaim_reent
 .text          0x00003d9a        0x0 /opt/riscv/lib/gcc/riscv32-unknown-elf/13.2.0/../../../../riscv32-unknown-elf/lib/libc.a(libc_a-fflush.o)
 .text.__sflush_r
                0x00003d9a      0x192 /opt/riscv/lib/gcc/riscv32-unknown-elf/13.2.0/../../../../riscv32-unknown-elf/lib/libc.a(libc_a-fflush.o)
                0x00003d9a                __sflush_r
 .text._fflush_r
                0x00003f2c       0x32 /opt/riscv/lib/gcc/riscv32-unknown-elf/13.2.0/../../../../riscv32-unknown-elf/lib/libc.a(libc_a-fflush.o)
                0x00003f2c                _fflush_r
 .text.fflush   0x00003f5e       0x56 /opt/riscv/lib/gcc/riscv32-unknown-elf/13.2.0/../../../../riscv32-unknown-elf/lib/libc.a(libc_a-fflush.o)
                0x00003f5e                fflush
 .text          0x00003fb4        0x0 /opt/riscv/lib/gcc/riscv32-unknown-elf/13.2.0/../../../../riscv32-unknown-elf/lib/libc.a(libm_a-frexpl.o)
 .text.frexpl   0x00003fb4       0xf0 /opt/riscv/lib/gcc/riscv32-unknown-elf/13.2.0/../../../../riscv32-unknown-elf/lib/libc.a(libm_a-frexpl.o)
                0x00003fb4                frexpl
 .text          0x000040a4        0x0 /opt/riscv/lib/gcc/riscv32-unknown-elf/13.2.0/../../../../riscv32-unknown-elf/lib/libc.a(libc_a-freer.o)
 .text._malloc_trim_r
                0x000040a4       0xce /opt/riscv/lib/gcc/riscv32-unknown-elf/13.2.0/../../../../riscv32-unknown-elf/lib/libc.a(libc_a-freer.o)
                0x000040a4                _malloc_trim_r
 .text._free_r  0x00004172      0x22a /opt/riscv/lib/gcc/riscv32-unknown-elf/13.2.0/../../../../riscv32-unknown-elf/lib/libc.a(libc_a-freer.o)
                0x00004172                _free_r
 .text          0x0000439c        0x0 /opt/riscv/lib/gcc/riscv32-unknown-elf/13.2.0/../../../../riscv32-unknown-elf/lib/libc.a(libc_a-strncpy.o)
 .text.strncpy  0x0000439c       0x7a /opt/riscv/lib/gcc/riscv32-unknown-elf/13.2.0/../../../../riscv32-unknown-elf/lib/libc.a(libc_a-strncpy.o)
                0x0000439c                strncpy
 .text          0x00004416        0x0 /opt/riscv/lib/gcc/riscv32-unknown-elf/13.2.0/../../../../riscv32-unknown-elf/lib/libc.a(libc_a-fstatr.o)
 .text._fstat_r
                0x00004416       0x3c /opt/riscv/lib/gcc/riscv32-unknown-elf/13.2.0/../../../../riscv32-unknown-elf/lib/libc.a(libc_a-fstatr.o)
                0x00004416                _fstat_r
 .text          0x00004452        0x0 /opt/riscv/lib/gcc/riscv32-unknown-elf/13.2.0/../../../../riscv32-unknown-elf/lib/libc.a(libc_a-isattyr.o)
 .text._isatty_r
                0x00004452       0x38 /opt/riscv/lib/gcc/riscv32-unknown-elf/13.2.0/../../../../riscv32-unknown-elf/lib/libc.a(libc_a-isattyr.o)
                0x00004452                _isatty_r
 .text          0x0000448a        0x0 /opt/riscv/lib/gcc/riscv32-unknown-elf/13.2.0/../../../../riscv32-unknown-elf/lib/libc.a(libc_a-lseekr.o)
 .text._lseek_r
                0x0000448a       0x3e /opt/riscv/lib/gcc/riscv32-unknown-elf/13.2.0/../../../../riscv32-unknown-elf/lib/libc.a(libc_a-lseekr.o)
                0x0000448a                _lseek_r
 .text          0x000044c8        0x0 /opt/riscv/lib/gcc/riscv32-unknown-elf/13.2.0/../../../../riscv32-unknown-elf/lib/libc.a(libc_a-readr.o)
 .text._read_r  0x000044c8       0x3e /opt/riscv/lib/gcc/riscv32-unknown-elf/13.2.0/../../../../riscv32-unknown-elf/lib/libc.a(libc_a-readr.o)
                0x000044c8                _read_r
 .text          0x00004506        0x0 /opt/riscv/lib/gcc/riscv32-unknown-elf/13.2.0/../../../../riscv32-unknown-elf/lib/libc.a(libc_a-fputwc.o)
 .text.__fputwc
                0x00004506       0xa2 /opt/riscv/lib/gcc/riscv32-unknown-elf/13.2.0/../../../../riscv32-unknown-elf/lib/libc.a(libc_a-fputwc.o)
                0x00004506                __fputwc
 .text._fputwc_r
                0x000045a8       0x1e /opt/riscv/lib/gcc/riscv32-unknown-elf/13.2.0/../../../../riscv32-unknown-elf/lib/libc.a(libc_a-fputwc.o)
                0x000045a8                _fputwc_r
 .text.fputwc   0x000045c6       0x4c /opt/riscv/lib/gcc/riscv32-unknown-elf/13.2.0/../../../../riscv32-unknown-elf/lib/libc.a(libc_a-fputwc.o)
                0x000045c6                fputwc
 .text          0x00004612        0x0 /opt/riscv/lib/gcc/riscv32-unknown-elf/13.2.0/../../../../riscv32-unknown-elf/lib/libc.a(libc_a-gdtoa-ldtoa.o)
 .text._ldtoa_r
                0x00004612      0x1b0 /opt/riscv/lib/gcc/riscv32-unknown-elf/13.2.0/../../../../riscv32-unknown-elf/lib/libc.a(libc_a-gdtoa-ldtoa.o)
                0x00004612                _ldtoa_r
 .text._ldcheck
                0x000047c2       0x96 /opt/riscv/lib/gcc/riscv32-unknown-elf/13.2.0/../../../../riscv32-unknown-elf/lib/libc.a(libc_a-gdtoa-ldtoa.o)
                0x000047c2                _ldcheck
 .text          0x00004858        0x0 /opt/riscv/lib/gcc/riscv32-unknown-elf/13.2.0/../../../../riscv32-unknown-elf/lib/libc.a(libc_a-gdtoa-gdtoa.o)
 .text.__gdtoa  0x00004858      0xfdc /opt/riscv/lib/gcc/riscv32-unknown-elf/13.2.0/../../../../riscv32-unknown-elf/lib/libc.a(libc_a-gdtoa-gdtoa.o)
                0x00004858                __gdtoa
 .text          0x00005834        0x0 /opt/riscv/lib/gcc/riscv32-unknown-elf/13.2.0/../../../../riscv32-unknown-elf/lib/libc.a(libc_a-gdtoa-dmisc.o)
 .text.__rv_alloc_D2A
                0x00005834       0x30 /opt/riscv/lib/gcc/riscv32-unknown-elf/13.2.0/../../../../riscv32-unknown-elf/lib/libc.a(libc_a-gdtoa-dmisc.o)
                0x00005834                __rv_alloc_D2A
 .text.__nrv_alloc_D2A
                0x00005864       0x6c /opt/riscv/lib/gcc/riscv32-unknown-elf/13.2.0/../../../../riscv32-unknown-elf/lib/libc.a(libc_a-gdtoa-dmisc.o)
                0x00005864                __nrv_alloc_D2A
 .text.__freedtoa
                0x000058d0       0x16 /opt/riscv/lib/gcc/riscv32-unknown-elf/13.2.0/../../../../riscv32-unknown-elf/lib/libc.a(libc_a-gdtoa-dmisc.o)
                0x000058d0                __freedtoa
 .text.__quorem_D2A
                0x000058e6      0x156 /opt/riscv/lib/gcc/riscv32-unknown-elf/13.2.0/../../../../riscv32-unknown-elf/lib/libc.a(libc_a-gdtoa-dmisc.o)
                0x000058e6                __quorem_D2A
 .text          0x00005a3c        0x0 /opt/riscv/lib/gcc/riscv32-unknown-elf/13.2.0/../../../../riscv32-unknown-elf/lib/libc.a(libc_a-gdtoa-gmisc.o)
 .text.__rshift_D2A
                0x00005a3c       0xa4 /opt/riscv/lib/gcc/riscv32-unknown-elf/13.2.0/../../../../riscv32-unknown-elf/lib/libc.a(libc_a-gdtoa-gmisc.o)
                0x00005a3c                __rshift_D2A
 .text.__trailz_D2A
                0x00005ae0       0x3c /opt/riscv/lib/gcc/riscv32-unknown-elf/13.2.0/../../../../riscv32-unknown-elf/lib/libc.a(libc_a-gdtoa-gmisc.o)
                0x00005ae0                __trailz_D2A
 .text          0x00005b1c        0x0 /opt/riscv/lib/gcc/riscv32-unknown-elf/13.2.0/../../../../riscv32-unknown-elf/lib/libc.a(libc_a-sbrkr.o)
 .text._sbrk_r  0x00005b1c       0x38 /opt/riscv/lib/gcc/riscv32-unknown-elf/13.2.0/../../../../riscv32-unknown-elf/lib/libc.a(libc_a-sbrkr.o)
                0x00005b1c                _sbrk_r
 .text          0x00005b54        0x0 /opt/riscv/lib/gcc/riscv32-unknown-elf/13.2.0/../../../../riscv32-unknown-elf/lib/libc.a(libc_a-fvwrite.o)
 .text.__sfvwrite_r
                0x00005b54      0x352 /opt/riscv/lib/gcc/riscv32-unknown-elf/13.2.0/../../../../riscv32-unknown-elf/lib/libc.a(libc_a-fvwrite.o)
                0x00005b54                __sfvwrite_r
 .text          0x00005ea6        0x0 /opt/riscv/lib/gcc/riscv32-unknown-elf/13.2.0/../../../../riscv32-unknown-elf/lib/libc.a(libc_a-wbuf.o)
 .text.__swbuf_r
                0x00005ea6      0x102 /opt/riscv/lib/gcc/riscv32-unknown-elf/13.2.0/../../../../riscv32-unknown-elf/lib/libc.a(libc_a-wbuf.o)
                0x00005ea6                __swbuf_r
 .text.__swbuf  0x00005fa8        0xe /opt/riscv/lib/gcc/riscv32-unknown-elf/13.2.0/../../../../riscv32-unknown-elf/lib/libc.a(libc_a-wbuf.o)
                0x00005fa8                __swbuf
 .text          0x00005fb6        0x0 /opt/riscv/lib/gcc/riscv32-unknown-elf/13.2.0/../../../../riscv32-unknown-elf/lib/libc.a(libc_a-wcrtomb.o)
 .text._wcrtomb_r
                0x00005fb6       0x46 /opt/riscv/lib/gcc/riscv32-unknown-elf/13.2.0/../../../../riscv32-unknown-elf/lib/libc.a(libc_a-wcrtomb.o)
                0x00005fb6                _wcrtomb_r
 .text.wcrtomb  0x00005ffc       0x56 /opt/riscv/lib/gcc/riscv32-unknown-elf/13.2.0/../../../../riscv32-unknown-elf/lib/libc.a(libc_a-wcrtomb.o)
                0x00005ffc                wcrtomb
 .text          0x00006052        0x0 /opt/riscv/lib/gcc/riscv32-unknown-elf/13.2.0/../../../../riscv32-unknown-elf/lib/libc.a(libc_a-locale.o)
 .text._setlocale_r
                0x00006052       0x48 /opt/riscv/lib/gcc/riscv32-unknown-elf/13.2.0/../../../../riscv32-unknown-elf/lib/libc.a(libc_a-locale.o)
                0x00006052                _setlocale_r
 .text.__locale_mb_cur_max
                0x0000609a        0x8 /opt/riscv/lib/gcc/riscv32-unknown-elf/13.2.0/../../../../riscv32-unknown-elf/lib/libc.a(libc_a-locale.o)
                0x0000609a                __locale_mb_cur_max
 .text.setlocale
                0x000060a2       0x48 /opt/riscv/lib/gcc/riscv32-unknown-elf/13.2.0/../../../../riscv32-unknown-elf/lib/libc.a(libc_a-locale.o)
                0x000060a2                setlocale
 .text          0x000060ea        0x0 /opt/riscv/lib/gcc/riscv32-unknown-elf/13.2.0/../../../../riscv32-unknown-elf/lib/libc.a(libc_a-memmove-stub.o)
 .text.memmove  0x000060ea       0xcc /opt/riscv/lib/gcc/riscv32-unknown-elf/13.2.0/../../../../riscv32-unknown-elf/lib/libc.a(libc_a-memmove-stub.o)
                0x000060ea                memmove
 .text          0x000061b6        0x0 /opt/riscv/lib/gcc/riscv32-unknown-elf/13.2.0/../../../../riscv32-unknown-elf/lib/libc.a(libc_a-memcpy.o)
 .text.memcpy   0x000061b6      0x146 /opt/riscv/lib/gcc/riscv32-unknown-elf/13.2.0/../../../../riscv32-unknown-elf/lib/libc.a(libc_a-memcpy.o)
                0x000061b6                memcpy
 .text          0x000062fc      0x11e /opt/riscv/lib/gcc/riscv32-unknown-elf/13.2.0/../../../../riscv32-unknown-elf/lib/libc.a(libc_a-strcmp.o)
                0x000062fc                strcmp
 .text          0x0000641a        0x0 /opt/riscv/lib/gcc/riscv32-unknown-elf/13.2.0/../../../../riscv32-unknown-elf/lib/libc.a(libc_a-mprec.o)
 .text._Balloc  0x0000641a       0x6c /opt/riscv/lib/gcc/riscv32-unknown-elf/13.2.0/../../../../riscv32-unknown-elf/lib/libc.a(libc_a-mprec.o)
                0x0000641a                _Balloc
 .text._Bfree   0x00006486       0x12 /opt/riscv/lib/gcc/riscv32-unknown-elf/13.2.0/../../../../riscv32-unknown-elf/lib/libc.a(libc_a-mprec.o)
                0x00006486                _Bfree
 .text.__multadd
                0x00006498       0xe4 /opt/riscv/lib/gcc/riscv32-unknown-elf/13.2.0/../../../../riscv32-unknown-elf/lib/libc.a(libc_a-mprec.o)
                0x00006498                __multadd
 .text.__s2b    0x0000657c       0xc0 /opt/riscv/lib/gcc/riscv32-unknown-elf/13.2.0/../../../../riscv32-unknown-elf/lib/libc.a(libc_a-mprec.o)
                0x0000657c                __s2b
 .text.__hi0bits
                0x0000663c       0x54 /opt/riscv/lib/gcc/riscv32-unknown-elf/13.2.0/../../../../riscv32-unknown-elf/lib/libc.a(libc_a-mprec.o)
                0x0000663c                __hi0bits
 .text.__lo0bits
                0x00006690       0x8a /opt/riscv/lib/gcc/riscv32-unknown-elf/13.2.0/../../../../riscv32-unknown-elf/lib/libc.a(libc_a-mprec.o)
                0x00006690                __lo0bits
 .text.__i2b    0x0000671a       0x68 /opt/riscv/lib/gcc/riscv32-unknown-elf/13.2.0/../../../../riscv32-unknown-elf/lib/libc.a(libc_a-mprec.o)
                0x0000671a                __i2b
 .text.__multiply
                0x00006782      0x196 /opt/riscv/lib/gcc/riscv32-unknown-elf/13.2.0/../../../../riscv32-unknown-elf/lib/libc.a(libc_a-mprec.o)
                0x00006782                __multiply
 .text.__pow5mult
                0x00006918       0xd4 /opt/riscv/lib/gcc/riscv32-unknown-elf/13.2.0/../../../../riscv32-unknown-elf/lib/libc.a(libc_a-mprec.o)
                0x00006918                __pow5mult
 .text.__lshift
                0x000069ec      0x10e /opt/riscv/lib/gcc/riscv32-unknown-elf/13.2.0/../../../../riscv32-unknown-elf/lib/libc.a(libc_a-mprec.o)
                0x000069ec                __lshift
 .text.__mcmp   0x00006afa       0x3c /opt/riscv/lib/gcc/riscv32-unknown-elf/13.2.0/../../../../riscv32-unknown-elf/lib/libc.a(libc_a-mprec.o)
                0x00006afa                __mcmp
 .text.__mdiff  0x00006b36      0x1b0 /opt/riscv/lib/gcc/riscv32-unknown-elf/13.2.0/../../../../riscv32-unknown-elf/lib/libc.a(libc_a-mprec.o)
                0x00006b36                __mdiff
 .text.__ulp    0x00006ce6       0x48 /opt/riscv/lib/gcc/riscv32-unknown-elf/13.2.0/../../../../riscv32-unknown-elf/lib/libc.a(libc_a-mprec.o)
                0x00006ce6                __ulp
 .text.__b2d    0x00006d2e       0xd4 /opt/riscv/lib/gcc/riscv32-unknown-elf/13.2.0/../../../../riscv32-unknown-elf/lib/libc.a(libc_a-mprec.o)
                0x00006d2e                __b2d
 .text.__d2b    0x00006e02       0xe6 /opt/riscv/lib/gcc/riscv32-unknown-elf/13.2.0/../../../../riscv32-unknown-elf/lib/libc.a(libc_a-mprec.o)
                0x00006e02                __d2b
 .text.__ratio  0x00006ee8       0x66 /opt/riscv/lib/gcc/riscv32-unknown-elf/13.2.0/../../../../riscv32-unknown-elf/lib/libc.a(libc_a-mprec.o)
                0x00006ee8                __ratio
 .text._mprec_log10
                0x00006f4e       0x3c /opt/riscv/lib/gcc/riscv32-unknown-elf/13.2.0/../../../../riscv32-unknown-elf/lib/libc.a(libc_a-mprec.o)
                0x00006f4e                _mprec_log10
 .text.__copybits
                0x00006f8a       0x46 /opt/riscv/lib/gcc/riscv32-unknown-elf/13.2.0/../../../../riscv32-unknown-elf/lib/libc.a(libc_a-mprec.o)
                0x00006f8a                __copybits
 .text.__any_on
                0x00006fd0       0x48 /opt/riscv/lib/gcc/riscv32-unknown-elf/13.2.0/../../../../riscv32-unknown-elf/lib/libc.a(libc_a-mprec.o)
                0x00006fd0                __any_on
 .text          0x00007018        0x0 /opt/riscv/lib/gcc/riscv32-unknown-elf/13.2.0/../../../../riscv32-unknown-elf/lib/libc.a(libc_a-callocr.o)
 .text._calloc_r
                0x00007018       0xa6 /opt/riscv/lib/gcc/riscv32-unknown-elf/13.2.0/../../../../riscv32-unknown-elf/lib/libc.a(libc_a-callocr.o)
                0x00007018                _calloc_r
 .text          0x000070be        0x0 /opt/riscv/lib/gcc/riscv32-unknown-elf/13.2.0/../../../../riscv32-unknown-elf/lib/libc.a(libc_a-ctype_.o)
 .text          0x000070be        0x0 /opt/riscv/lib/gcc/riscv32-unknown-elf/13.2.0/../../../../riscv32-unknown-elf/lib/libc.a(libc_a-reallocr.o)
 .text._realloc_r
                0x000070be      0x3da /opt/riscv/lib/gcc/riscv32-unknown-elf/13.2.0/../../../../riscv32-unknown-elf/lib/libc.a(libc_a-reallocr.o)
                0x000070be                _realloc_r
 .text          0x00007498        0x0 /opt/riscv/lib/gcc/riscv32-unknown-elf/13.2.0/../../../../riscv32-unknown-elf/lib/libc.a(libc_a-wctomb_r.o)
 .text._wctomb_r
                0x00007498        0x8 /opt/riscv/lib/gcc/riscv32-unknown-elf/13.2.0/../../../../riscv32-unknown-elf/lib/libc.a(libc_a-wctomb_r.o)
                0x00007498                _wctomb_r
 .text.__ascii_wctomb
                0x000074a0       0x20 /opt/riscv/lib/gcc/riscv32-unknown-elf/13.2.0/../../../../riscv32-unknown-elf/lib/libc.a(libc_a-wctomb_r.o)
                0x000074a0                __ascii_wctomb
 .text          0x000074c0        0x0 /opt/riscv/lib/gcc/riscv32-unknown-elf/13.2.0/../../../../riscv32-unknown-elf/lib/libc.a(libc_a-errno.o)
 .text.__errno  0x000074c0        0x8 /opt/riscv/lib/gcc/riscv32-unknown-elf/13.2.0/../../../../riscv32-unknown-elf/lib/libc.a(libc_a-errno.o)
                0x000074c0                __errno
 .text          0x000074c8        0x0 /opt/riscv/lib/gcc/riscv32-unknown-elf/13.2.0/../../../../riscv32-unknown-elf/lib/libc.a(libc_a-mbtowc_r.o)
 .text._mbtowc_r
                0x000074c8        0x8 /opt/riscv/lib/gcc/riscv32-unknown-elf/13.2.0/../../../../riscv32-unknown-elf/lib/libc.a(libc_a-mbtowc_r.o)
                0x000074c8                _mbtowc_r
 .text.__ascii_mbtowc
                0x000074d0       0x40 /opt/riscv/lib/gcc/riscv32-unknown-elf/13.2.0/../../../../riscv32-unknown-elf/lib/libc.a(libc_a-mbtowc_r.o)
                0x000074d0                __ascii_mbtowc
 .text          0x00007510        0x0 /opt/riscv/lib/gcc/riscv32-unknown-elf/13.2.0/../../../../riscv32-unknown-elf/lib/libc.a(libc_a-assert.o)
 .text.__assert_func
                0x00007510       0x3a /opt/riscv/lib/gcc/riscv32-unknown-elf/13.2.0/../../../../riscv32-unknown-elf/lib/libc.a(libc_a-assert.o)
                0x00007510                __assert_func
 .text.__assert
                0x0000754a        0xa /opt/riscv/lib/gcc/riscv32-unknown-elf/13.2.0/../../../../riscv32-unknown-elf/lib/libc.a(libc_a-assert.o)
                0x0000754a                __assert
 .text          0x00007554        0x0 /opt/riscv/lib/gcc/riscv32-unknown-elf/13.2.0/../../../../riscv32-unknown-elf/lib/libc.a(libc_a-fiprintf.o)
 .text._fiprintf_r
                0x00007554       0x20 /opt/riscv/lib/gcc/riscv32-unknown-elf/13.2.0/../../../../riscv32-unknown-elf/lib/libc.a(libc_a-fiprintf.o)
                0x00007554                _fiprintf_r
 .text.fiprintf
                0x00007574       0x2e /opt/riscv/lib/gcc/riscv32-unknown-elf/13.2.0/../../../../riscv32-unknown-elf/lib/libc.a(libc_a-fiprintf.o)
                0x00007574                fiprintf
 .text          0x000075a2        0x0 /opt/riscv/lib/gcc/riscv32-unknown-elf/13.2.0/../../../../riscv32-unknown-elf/lib/libc.a(libc_a-abort.o)
 .text.abort    0x000075a2        0xc /opt/riscv/lib/gcc/riscv32-unknown-elf/13.2.0/../../../../riscv32-unknown-elf/lib/libc.a(libc_a-abort.o)
                0x000075a2                abort
 .text          0x000075ae        0x0 /opt/riscv/lib/gcc/riscv32-unknown-elf/13.2.0/../../../../riscv32-unknown-elf/lib/libc.a(libc_a-signal.o)
 .text._init_signal_r
                0x000075ae       0x3c /opt/riscv/lib/gcc/riscv32-unknown-elf/13.2.0/../../../../riscv32-unknown-elf/lib/libc.a(libc_a-signal.o)
                0x000075ae                _init_signal_r
 .text._signal_r
                0x000075ea       0x5e /opt/riscv/lib/gcc/riscv32-unknown-elf/13.2.0/../../../../riscv32-unknown-elf/lib/libc.a(libc_a-signal.o)
                0x000075ea                _signal_r
 .text._raise_r
                0x00007648       0x6e /opt/riscv/lib/gcc/riscv32-unknown-elf/13.2.0/../../../../riscv32-unknown-elf/lib/libc.a(libc_a-signal.o)
                0x00007648                _raise_r
 .text.__sigtramp_r
                0x000076b6       0x88 /opt/riscv/lib/gcc/riscv32-unknown-elf/13.2.0/../../../../riscv32-unknown-elf/lib/libc.a(libc_a-signal.o)
                0x000076b6                __sigtramp_r
 .text.raise    0x0000773e       0x70 /opt/riscv/lib/gcc/riscv32-unknown-elf/13.2.0/../../../../riscv32-unknown-elf/lib/libc.a(libc_a-signal.o)
                0x0000773e                raise
 .text.signal   0x000077ae       0x6a /opt/riscv/lib/gcc/riscv32-unknown-elf/13.2.0/../../../../riscv32-unknown-elf/lib/libc.a(libc_a-signal.o)
                0x000077ae                signal
 .text._init_signal
                0x00007818       0x40 /opt/riscv/lib/gcc/riscv32-unknown-elf/13.2.0/../../../../riscv32-unknown-elf/lib/libc.a(libc_a-signal.o)
                0x00007818                _init_signal
 .text.__sigtramp
                0x00007858       0x8e /opt/riscv/lib/gcc/riscv32-unknown-elf/13.2.0/../../../../riscv32-unknown-elf/lib/libc.a(libc_a-signal.o)
                0x00007858                __sigtramp
 .text          0x000078e6        0x0 /opt/riscv/lib/gcc/riscv32-unknown-elf/13.2.0/../../../../riscv32-unknown-elf/lib/libc.a(libc_a-signalr.o)
 .text._kill_r  0x000078e6       0x3a /opt/riscv/lib/gcc/riscv32-unknown-elf/13.2.0/../../../../riscv32-unknown-elf/lib/libc.a(libc_a-signalr.o)
                0x000078e6                _kill_r
 .text._getpid_r
                0x00007920        0x2 /opt/riscv/lib/gcc/riscv32-unknown-elf/13.2.0/../../../../riscv32-unknown-elf/lib/libc.a(libc_a-signalr.o)
                0x00007920                _getpid_r
 .text          0x00007922        0x0 /opt/riscv/lib/gcc/riscv32-unknown-elf/13.2.0/../../../../riscv32-unknown-elf/lib/libgloss.a(riscv_libgloss_a-sys_close.o)
 .text._close   0x00007922       0x2c /opt/riscv/lib/gcc/riscv32-unknown-elf/13.2.0/../../../../riscv32-unknown-elf/lib/libgloss.a(riscv_libgloss_a-sys_close.o)
                0x00007922                _close
 .text          0x0000794e        0x0 /opt/riscv/lib/gcc/riscv32-unknown-elf/13.2.0/../../../../riscv32-unknown-elf/lib/libgloss.a(riscv_libgloss_a-sys_exit.o)
 .text._exit    0x0000794e       0x22 /opt/riscv/lib/gcc/riscv32-unknown-elf/13.2.0/../../../../riscv32-unknown-elf/lib/libgloss.a(riscv_libgloss_a-sys_exit.o)
                0x0000794e                _exit
 .text          0x00007970        0x0 /opt/riscv/lib/gcc/riscv32-unknown-elf/13.2.0/../../../../riscv32-unknown-elf/lib/libgloss.a(riscv_libgloss_a-sys_fstat.o)
 .text._fstat   0x00007970       0x3a /opt/riscv/lib/gcc/riscv32-unknown-elf/13.2.0/../../../../riscv32-unknown-elf/lib/libgloss.a(riscv_libgloss_a-sys_fstat.o)
                0x00007970                _fstat
 .text          0x000079aa        0x0 /opt/riscv/lib/gcc/riscv32-unknown-elf/13.2.0/../../../../riscv32-unknown-elf/lib/libgloss.a(riscv_libgloss_a-sys_getpid.o)
 .text._getpid  0x000079aa        0x4 /opt/riscv/lib/gcc/riscv32-unknown-elf/13.2.0/../../../../riscv32-unknown-elf/lib/libgloss.a(riscv_libgloss_a-sys_getpid.o)
                0x000079aa                _getpid
 .text          0x000079ae        0x0 /opt/riscv/lib/gcc/riscv32-unknown-elf/13.2.0/../../../../riscv32-unknown-elf/lib/libgloss.a(riscv_libgloss_a-sys_isatty.o)
 .text._isatty  0x000079ae       0x22 /opt/riscv/lib/gcc/riscv32-unknown-elf/13.2.0/../../../../riscv32-unknown-elf/lib/libgloss.a(riscv_libgloss_a-sys_isatty.o)
                0x000079ae                _isatty
 .text          0x000079d0        0x0 /opt/riscv/lib/gcc/riscv32-unknown-elf/13.2.0/../../../../riscv32-unknown-elf/lib/libgloss.a(riscv_libgloss_a-sys_kill.o)
 .text._kill    0x000079d0       0x14 /opt/riscv/lib/gcc/riscv32-unknown-elf/13.2.0/../../../../riscv32-unknown-elf/lib/libgloss.a(riscv_libgloss_a-sys_kill.o)
                0x000079d0                _kill
 .text          0x000079e4        0x0 /opt/riscv/lib/gcc/riscv32-unknown-elf/13.2.0/../../../../riscv32-unknown-elf/lib/libgloss.a(riscv_libgloss_a-sys_lseek.o)
 .text._lseek   0x000079e4       0x2c /opt/riscv/lib/gcc/riscv32-unknown-elf/13.2.0/../../../../riscv32-unknown-elf/lib/libgloss.a(riscv_libgloss_a-sys_lseek.o)
                0x000079e4                _lseek
 .text          0x00007a10        0x0 /opt/riscv/lib/gcc/riscv32-unknown-elf/13.2.0/../../../../riscv32-unknown-elf/lib/libgloss.a(riscv_libgloss_a-sys_read.o)
 .text._read    0x00007a10       0x2c /opt/riscv/lib/gcc/riscv32-unknown-elf/13.2.0/../../../../riscv32-unknown-elf/lib/libgloss.a(riscv_libgloss_a-sys_read.o)
                0x00007a10                _read
 .text          0x00007a3c        0x0 /opt/riscv/lib/gcc/riscv32-unknown-elf/13.2.0/../../../../riscv32-unknown-elf/lib/libgloss.a(riscv_libgloss_a-sys_sbrk.o)
 .text._sbrk    0x00007a3c       0x56 /opt/riscv/lib/gcc/riscv32-unknown-elf/13.2.0/../../../../riscv32-unknown-elf/lib/libgloss.a(riscv_libgloss_a-sys_sbrk.o)
                0x00007a3c                _sbrk
 .text          0x00007a92        0x0 /opt/riscv/lib/gcc/riscv32-unknown-elf/13.2.0/../../../../riscv32-unknown-elf/lib/libgloss.a(riscv_libgloss_a-sys_write.o)
 .text._write   0x00007a92       0x2c /opt/riscv/lib/gcc/riscv32-unknown-elf/13.2.0/../../../../riscv32-unknown-elf/lib/libgloss.a(riscv_libgloss_a-sys_write.o)
                0x00007a92                _write
 .text          0x00007abe        0x0 /opt/riscv/lib/gcc/riscv32-unknown-elf/13.2.0/../../../../riscv32-unknown-elf/lib/libgloss.a(riscv_libgloss_a-sys_conv_stat.o)
 .text._conv_stat
                0x00007abe       0x82 /opt/riscv/lib/gcc/riscv32-unknown-elf/13.2.0/../../../../riscv32-unknown-elf/lib/libgloss.a(riscv_libgloss_a-sys_conv_stat.o)
                0x00007abe                _conv_stat
 .text          0x00007b40       0xec /opt/riscv/lib/gcc/riscv32-unknown-elf/13.2.0/libgcc.a(eqtf2.o)
                0x00007b40                __eqtf2
                0x00007b40                __netf2
 .text          0x00007c2c       0xec /opt/riscv/lib/gcc/riscv32-unknown-elf/13.2.0/libgcc.a(getf2.o)
                0x00007c2c                __getf2
                0x00007c2c                __gttf2
 .text          0x00007d18       0xec /opt/riscv/lib/gcc/riscv32-unknown-elf/13.2.0/libgcc.a(letf2.o)
                0x00007d18                __letf2
                0x00007d18                __lttf2
 .text          0x00007e04      0xc9c /opt/riscv/lib/gcc/riscv32-unknown-elf/13.2.0/libgcc.a(multf3.o)
                0x00007e04                __multf3
 .text          0x00008aa0     0x10e2 /opt/riscv/lib/gcc/riscv32-unknown-elf/13.2.0/libgcc.a(subtf3.o)
                0x00008aa0                __subtf3
 .text          0x00009b82       0xac /opt/riscv/lib/gcc/riscv32-unknown-elf/13.2.0/libgcc.a(unordtf2.o)
                0x00009b82                __unordtf2
 .text          0x00009c2e      0x124 /opt/riscv/lib/gcc/riscv32-unknown-elf/13.2.0/libgcc.a(fixtfsi.o)
                0x00009c2e                __fixtfsi
 .text          0x00009d52       0xd2 /opt/riscv/lib/gcc/riscv32-unknown-elf/13.2.0/libgcc.a(floatsitf.o)
                0x00009d52                __floatsitf
 .text          0x00009e24      0x18c /opt/riscv/lib/gcc/riscv32-unknown-elf/13.2.0/libgcc.a(extenddftf2.o)
                0x00009e24                __extenddftf2
 .text          0x00009fb0       0x3a /opt/riscv/lib/gcc/riscv32-unknown-elf/13.2.0/libgcc.a(_clzsi2.o)
                0x00009fb0                __clzsi2
 .text          0x00009fea        0x0 /opt/riscv/lib/gcc/riscv32-unknown-elf/13.2.0/libgcc.a(_clz.o)

.data           0x00000800       0x2c
                0x00000000                        . = 0x0
 *(.data)
 .data          0x00000800       0x2c build/print.o
                0x00000800                base_lut
 .data          0x0000082c        0x0 build/firmware.o
 .data          0x0000082c        0x0 build/start.o
 .data          0x0000082c        0x0 /opt/riscv/lib/gcc/riscv32-unknown-elf/13.2.0/libgcc.a(muldi3.o)
 .data          0x0000082c        0x0 /opt/riscv/lib/gcc/riscv32-unknown-elf/13.2.0/../../../../riscv32-unknown-elf/lib/libc.a(libc_a-printf.o)
 .data          0x0000082c        0x0 /opt/riscv/lib/gcc/riscv32-unknown-elf/13.2.0/../../../../riscv32-unknown-elf/lib/libc.a(libc_a-impure.o)
 .data          0x0000082c        0x0 /opt/riscv/lib/gcc/riscv32-unknown-elf/13.2.0/../../../../riscv32-unknown-elf/lib/libc.a(libc_a-findfp.o)
 .data          0x0000082c        0x0 /opt/riscv/lib/gcc/riscv32-unknown-elf/13.2.0/../../../../riscv32-unknown-elf/lib/libc.a(libc_a-stdio.o)
 .data          0x0000082c        0x0 /opt/riscv/lib/gcc/riscv32-unknown-elf/13.2.0/../../../../riscv32-unknown-elf/lib/libc.a(libc_a-fwalk.o)
 .data          0x0000082c        0x0 /opt/riscv/lib/gcc/riscv32-unknown-elf/13.2.0/../../../../riscv32-unknown-elf/lib/libc.a(libc_a-writer.o)
 .data          0x0000082c        0x0 /opt/riscv/lib/gcc/riscv32-unknown-elf/13.2.0/../../../../riscv32-unknown-elf/lib/libc.a(libc_a-vfprintf.o)
 .data          0x0000082c        0x0 /opt/riscv/lib/gcc/riscv32-unknown-elf/13.2.0/../../../../riscv32-unknown-elf/lib/libc.a(libc_a-vfiprintf.o)
 .data          0x0000082c        0x0 /opt/riscv/lib/gcc/riscv32-unknown-elf/13.2.0/../../../../riscv32-unknown-elf/lib/libc.a(libc_a-mallocr.o)
 .data          0x0000082c        0x0 /opt/riscv/lib/gcc/riscv32-unknown-elf/13.2.0/../../../../riscv32-unknown-elf/lib/libc.a(libc_a-memchr.o)
 .data          0x0000082c        0x0 /opt/riscv/lib/gcc/riscv32-unknown-elf/13.2.0/../../../../riscv32-unknown-elf/lib/libc.a(libc_a-localeconv.o)
 .data          0x0000082c        0x0 /opt/riscv/lib/gcc/riscv32-unknown-elf/13.2.0/../../../../riscv32-unknown-elf/lib/libc.a(libc_a-fclose.o)
 .data          0x0000082c        0x0 /opt/riscv/lib/gcc/riscv32-unknown-elf/13.2.0/../../../../riscv32-unknown-elf/lib/libc.a(libc_a-memset.o)
 .data          0x0000082c        0x0 /opt/riscv/lib/gcc/riscv32-unknown-elf/13.2.0/../../../../riscv32-unknown-elf/lib/libc.a(libc_a-wsetup.o)
 .data          0x0000082c        0x0 /opt/riscv/lib/gcc/riscv32-unknown-elf/13.2.0/../../../../riscv32-unknown-elf/lib/libc.a(libc_a-makebuf.o)
 .data          0x0000082c        0x0 /opt/riscv/lib/gcc/riscv32-unknown-elf/13.2.0/../../../../riscv32-unknown-elf/lib/libc.a(libc_a-strlen.o)
 .data          0x0000082c        0x0 /opt/riscv/lib/gcc/riscv32-unknown-elf/13.2.0/../../../../riscv32-unknown-elf/lib/libc.a(libc_a-mlock.o)
 .data          0x0000082c        0x0 /opt/riscv/lib/gcc/riscv32-unknown-elf/13.2.0/../../../../riscv32-unknown-elf/lib/libc.a(libc_a-closer.o)
 .data          0x0000082c        0x0 /opt/riscv/lib/gcc/riscv32-unknown-elf/13.2.0/../../../../riscv32-unknown-elf/lib/libc.a(libc_a-reent.o)
 .data          0x0000082c        0x0 /opt/riscv/lib/gcc/riscv32-unknown-elf/13.2.0/../../../../riscv32-unknown-elf/lib/libc.a(libc_a-fflush.o)
 .data          0x0000082c        0x0 /opt/riscv/lib/gcc/riscv32-unknown-elf/13.2.0/../../../../riscv32-unknown-elf/lib/libc.a(libm_a-frexpl.o)
 .data          0x0000082c        0x0 /opt/riscv/lib/gcc/riscv32-unknown-elf/13.2.0/../../../../riscv32-unknown-elf/lib/libc.a(libc_a-freer.o)
 .data          0x0000082c        0x0 /opt/riscv/lib/gcc/riscv32-unknown-elf/13.2.0/../../../../riscv32-unknown-elf/lib/libc.a(libc_a-strncpy.o)
 .data          0x0000082c        0x0 /opt/riscv/lib/gcc/riscv32-unknown-elf/13.2.0/../../../../riscv32-unknown-elf/lib/libc.a(libc_a-fstatr.o)
 .data          0x0000082c        0x0 /opt/riscv/lib/gcc/riscv32-unknown-elf/13.2.0/../../../../riscv32-unknown-elf/lib/libc.a(libc_a-isattyr.o)
 .data          0x0000082c        0x0 /opt/riscv/lib/gcc/riscv32-unknown-elf/13.2.0/../../../../riscv32-unknown-elf/lib/libc.a(libc_a-lseekr.o)
 .data          0x0000082c        0x0 /opt/riscv/lib/gcc/riscv32-unknown-elf/13.2.0/../../../../riscv32-unknown-elf/lib/libc.a(libc_a-readr.o)
 .data          0x0000082c        0x0 /opt/riscv/lib/gcc/riscv32-unknown-elf/13.2.0/../../../../riscv32-unknown-elf/lib/libc.a(libc_a-fputwc.o)
 .data          0x0000082c        0x0 /opt/riscv/lib/gcc/riscv32-unknown-elf/13.2.0/../../../../riscv32-unknown-elf/lib/libc.a(libc_a-gdtoa-ldtoa.o)
 .data          0x0000082c        0x0 /opt/riscv/lib/gcc/riscv32-unknown-elf/13.2.0/../../../../riscv32-unknown-elf/lib/libc.a(libc_a-gdtoa-gdtoa.o)
 .data          0x0000082c        0x0 /opt/riscv/lib/gcc/riscv32-unknown-elf/13.2.0/../../../../riscv32-unknown-elf/lib/libc.a(libc_a-gdtoa-dmisc.o)
 .data          0x0000082c        0x0 /opt/riscv/lib/gcc/riscv32-unknown-elf/13.2.0/../../../../riscv32-unknown-elf/lib/libc.a(libc_a-gdtoa-gmisc.o)
 .data          0x0000082c        0x0 /opt/riscv/lib/gcc/riscv32-unknown-elf/13.2.0/../../../../riscv32-unknown-elf/lib/libc.a(libc_a-sbrkr.o)
 .data          0x0000082c        0x0 /opt/riscv/lib/gcc/riscv32-unknown-elf/13.2.0/../../../../riscv32-unknown-elf/lib/libc.a(libc_a-fvwrite.o)
 .data          0x0000082c        0x0 /opt/riscv/lib/gcc/riscv32-unknown-elf/13.2.0/../../../../riscv32-unknown-elf/lib/libc.a(libc_a-wbuf.o)
 .data          0x0000082c        0x0 /opt/riscv/lib/gcc/riscv32-unknown-elf/13.2.0/../../../../riscv32-unknown-elf/lib/libc.a(libc_a-wcrtomb.o)
 .data          0x0000082c        0x0 /opt/riscv/lib/gcc/riscv32-unknown-elf/13.2.0/../../../../riscv32-unknown-elf/lib/libc.a(libc_a-locale.o)
 .data          0x0000082c        0x0 /opt/riscv/lib/gcc/riscv32-unknown-elf/13.2.0/../../../../riscv32-unknown-elf/lib/libc.a(libc_a-memmove-stub.o)
 .data          0x0000082c        0x0 /opt/riscv/lib/gcc/riscv32-unknown-elf/13.2.0/../../../../riscv32-unknown-elf/lib/libc.a(libc_a-memcpy.o)
 .data          0x0000082c        0x0 /opt/riscv/lib/gcc/riscv32-unknown-elf/13.2.0/../../../../riscv32-unknown-elf/lib/libc.a(libc_a-strcmp.o)
 .data          0x0000082c        0x0 /opt/riscv/lib/gcc/riscv32-unknown-elf/13.2.0/../../../../riscv32-unknown-elf/lib/libc.a(libc_a-mprec.o)
 .data          0x0000082c        0x0 /opt/riscv/lib/gcc/riscv32-unknown-elf/13.2.0/../../../../riscv32-unknown-elf/lib/libc.a(libc_a-callocr.o)
 .data          0x0000082c        0x0 /opt/riscv/lib/gcc/riscv32-unknown-elf/13.2.0/../../../../riscv32-unknown-elf/lib/libc.a(libc_a-ctype_.o)
 .data          0x0000082c        0x0 /opt/riscv/lib/gcc/riscv32-unknown-elf/13.2.0/../../../../riscv32-unknown-elf/lib/libc.a(libc_a-reallocr.o)
 .data          0x0000082c        0x0 /opt/riscv/lib/gcc/riscv32-unknown-elf/13.2.0/../../../../riscv32-unknown-elf/lib/libc.a(libc_a-wctomb_r.o)
 .data          0x0000082c        0x0 /opt/riscv/lib/gcc/riscv32-unknown-elf/13.2.0/../../../../riscv32-unknown-elf/lib/libc.a(libc_a-errno.o)
 .data          0x0000082c        0x0 /opt/riscv/lib/gcc/riscv32-unknown-elf/13.2.0/../../../../riscv32-unknown-elf/lib/libc.a(libc_a-mbtowc_r.o)
 .data          0x0000082c        0x0 /opt/riscv/lib/gcc/riscv32-unknown-elf/13.2.0/../../../../riscv32-unknown-elf/lib/libc.a(libc_a-assert.o)
 .data          0x0000082c        0x0 /opt/riscv/lib/gcc/riscv32-unknown-elf/13.2.0/../../../../riscv32-unknown-elf/lib/libc.a(libc_a-fiprintf.o)
 .data          0x0000082c        0x0 /opt/riscv/lib/gcc/riscv32-unknown-elf/13.2.0/../../../../riscv32-unknown-elf/lib/libc.a(libc_a-abort.o)
 .data          0x0000082c        0x0 /opt/riscv/lib/gcc/riscv32-unknown-elf/13.2.0/../../../../riscv32-unknown-elf/lib/libc.a(libc_a-signal.o)
 .data          0x0000082c        0x0 /opt/riscv/lib/gcc/riscv32-unknown-elf/13.2.0/../../../../riscv32-unknown-elf/lib/libc.a(libc_a-signalr.o)
 .data          0x0000082c        0x0 /opt/riscv/lib/gcc/riscv32-unknown-elf/13.2.0/../../../../riscv32-unknown-elf/lib/libgloss.a(riscv_libgloss_a-sys_close.o)
 .data          0x0000082c        0x0 /opt/riscv/lib/gcc/riscv32-unknown-elf/13.2.0/../../../../riscv32-unknown-elf/lib/libgloss.a(riscv_libgloss_a-sys_exit.o)
 .data          0x0000082c        0x0 /opt/riscv/lib/gcc/riscv32-unknown-elf/13.2.0/../../../../riscv32-unknown-elf/lib/libgloss.a(riscv_libgloss_a-sys_fstat.o)
 .data          0x0000082c        0x0 /opt/riscv/lib/gcc/riscv32-unknown-elf/13.2.0/../../../../riscv32-unknown-elf/lib/libgloss.a(riscv_libgloss_a-sys_getpid.o)
 .data          0x0000082c        0x0 /opt/riscv/lib/gcc/riscv32-unknown-elf/13.2.0/../../../../riscv32-unknown-elf/lib/libgloss.a(riscv_libgloss_a-sys_isatty.o)
 .data          0x0000082c        0x0 /opt/riscv/lib/gcc/riscv32-unknown-elf/13.2.0/../../../../riscv32-unknown-elf/lib/libgloss.a(riscv_libgloss_a-sys_kill.o)
 .data          0x0000082c        0x0 /opt/riscv/lib/gcc/riscv32-unknown-elf/13.2.0/../../../../riscv32-unknown-elf/lib/libgloss.a(riscv_libgloss_a-sys_lseek.o)
 .data          0x0000082c        0x0 /opt/riscv/lib/gcc/riscv32-unknown-elf/13.2.0/../../../../riscv32-unknown-elf/lib/libgloss.a(riscv_libgloss_a-sys_read.o)
 .data          0x0000082c        0x0 /opt/riscv/lib/gcc/riscv32-unknown-elf/13.2.0/../../../../riscv32-unknown-elf/lib/libgloss.a(riscv_libgloss_a-sys_sbrk.o)
 .data          0x0000082c        0x0 /opt/riscv/lib/gcc/riscv32-unknown-elf/13.2.0/../../../../riscv32-unknown-elf/lib/libgloss.a(riscv_libgloss_a-sys_write.o)
 .data          0x0000082c        0x0 /opt/riscv/lib/gcc/riscv32-unknown-elf/13.2.0/../../../../riscv32-unknown-elf/lib/libgloss.a(riscv_libgloss_a-sys_conv_stat.o)
 .data          0x0000082c        0x0 /opt/riscv/lib/gcc/riscv32-unknown-elf/13.2.0/libgcc.a(eqtf2.o)
 .data          0x0000082c        0x0 /opt/riscv/lib/gcc/riscv32-unknown-elf/13.2.0/libgcc.a(getf2.o)
 .data          0x0000082c        0x0 /opt/riscv/lib/gcc/riscv32-unknown-elf/13.2.0/libgcc.a(letf2.o)
 .data          0x0000082c        0x0 /opt/riscv/lib/gcc/riscv32-unknown-elf/13.2.0/libgcc.a(multf3.o)
 .data          0x0000082c        0x0 /opt/riscv/lib/gcc/riscv32-unknown-elf/13.2.0/libgcc.a(subtf3.o)
 .data          0x0000082c        0x0 /opt/riscv/lib/gcc/riscv32-unknown-elf/13.2.0/libgcc.a(unordtf2.o)
 .data          0x0000082c        0x0 /opt/riscv/lib/gcc/riscv32-unknown-elf/13.2.0/libgcc.a(fixtfsi.o)
 .data          0x0000082c        0x0 /opt/riscv/lib/gcc/riscv32-unknown-elf/13.2.0/libgcc.a(floatsitf.o)
 .data          0x0000082c        0x0 /opt/riscv/lib/gcc/riscv32-unknown-elf/13.2.0/libgcc.a(extenddftf2.o)
 .data          0x0000082c        0x0 /opt/riscv/lib/gcc/riscv32-unknown-elf/13.2.0/libgcc.a(_clzsi2.o)
 .data          0x0000082c        0x0 /opt/riscv/lib/gcc/riscv32-unknown-elf/13.2.0/libgcc.a(_clz.o)

.sdata._impure_ptr
                0x0000082c        0x4
 .sdata._impure_ptr
                0x0000082c        0x4 /opt/riscv/lib/gcc/riscv32-unknown-elf/13.2.0/../../../../riscv32-unknown-elf/lib/libc.a(libc_a-impure.o)
                0x0000082c                _impure_ptr

.data._impure_data
                0x00000830      0x120
 .data._impure_data
                0x00000830      0x120 /opt/riscv/lib/gcc/riscv32-unknown-elf/13.2.0/../../../../riscv32-unknown-elf/lib/libc.a(libc_a-impure.o)
                0x00000830                _impure_data

.data.__sglue   0x00000950        0xc
 .data.__sglue  0x00000950        0xc /opt/riscv/lib/gcc/riscv32-unknown-elf/13.2.0/../../../../riscv32-unknown-elf/lib/libc.a(libc_a-findfp.o)
                0x00000950                __sglue

.sdata.__malloc_sbrk_base
                0x0000095c        0x4
 .sdata.__malloc_sbrk_base
                0x0000095c        0x4 /opt/riscv/lib/gcc/riscv32-unknown-elf/13.2.0/../../../../riscv32-unknown-elf/lib/libc.a(libc_a-mallocr.o)
                0x0000095c                __malloc_sbrk_base

.sdata.__malloc_trim_threshold
                0x00000960        0x4
 .sdata.__malloc_trim_threshold
                0x00000960        0x4 /opt/riscv/lib/gcc/riscv32-unknown-elf/13.2.0/../../../../riscv32-unknown-elf/lib/libc.a(libc_a-mallocr.o)
                0x00000960                __malloc_trim_threshold

.data.__malloc_av_
                0x00000964      0x408
 .data.__malloc_av_
                0x00000964      0x408 /opt/riscv/lib/gcc/riscv32-unknown-elf/13.2.0/../../../../riscv32-unknown-elf/lib/libc.a(libc_a-mallocr.o)
                0x00000964                __malloc_av_

.data.__global_locale
                0x00000d6c      0x16c
 .data.__global_locale
                0x00000d6c      0x16c /opt/riscv/lib/gcc/riscv32-unknown-elf/13.2.0/../../../../riscv32-unknown-elf/lib/libc.a(libc_a-locale.o)
                0x00000d6c                __global_locale

.rodata         0x00000ed8      0x514
                0x00000400                        . = 0x400
 *fill*         0x00000ed8      0x400 
 *(.rodata)
 .rodata        0x000012d8       0x14 /opt/riscv/lib/gcc/riscv32-unknown-elf/13.2.0/../../../../riscv32-unknown-elf/lib/libc.a(libc_a-gdtoa-ldtoa.o)
 .rodata        0x000012ec      0x100 /opt/riscv/lib/gcc/riscv32-unknown-elf/13.2.0/libgcc.a(_clz.o)
                0x000012ec                __clz_tab
                0x000013ec                        . = ALIGN (0x4)
 FILL mask 0xff

.rodata.str1.4  0x000013ec       0x4e
 .rodata.str1.4
                0x000013ec       0x4e build/print.o
                                 0x3d (size before relaxing)
 .rodata.str1.4
                0x0000143a       0x10 build/firmware.o
 .rodata.str1.4
                0x0000143a        0x2 /opt/riscv/lib/gcc/riscv32-unknown-elf/13.2.0/../../../../riscv32-unknown-elf/lib/libc.a(libc_a-locale.o)

.rodata._vfprintf_r.str1.4
                0x0000143c       0x42
 .rodata._vfprintf_r.str1.4
                0x0000143c       0x42 /opt/riscv/lib/gcc/riscv32-unknown-elf/13.2.0/../../../../riscv32-unknown-elf/lib/libc.a(libc_a-vfprintf.o)

.rodata._vfprintf_r
                0x00001480      0x204
 .rodata._vfprintf_r
                0x00001480      0x204 /opt/riscv/lib/gcc/riscv32-unknown-elf/13.2.0/../../../../riscv32-unknown-elf/lib/libc.a(libc_a-vfprintf.o)

.rodata.zeroes.0
                0x00001684       0x20
 .rodata.zeroes.0
                0x00001684       0x10 /opt/riscv/lib/gcc/riscv32-unknown-elf/13.2.0/../../../../riscv32-unknown-elf/lib/libc.a(libc_a-vfprintf.o)
 .rodata.zeroes.0
                0x00001694       0x10 /opt/riscv/lib/gcc/riscv32-unknown-elf/13.2.0/../../../../riscv32-unknown-elf/lib/libc.a(libc_a-vfiprintf.o)

.rodata.blanks.1
                0x000016a4       0x20
 .rodata.blanks.1
                0x000016a4       0x10 /opt/riscv/lib/gcc/riscv32-unknown-elf/13.2.0/../../../../riscv32-unknown-elf/lib/libc.a(libc_a-vfprintf.o)
 .rodata.blanks.1
                0x000016b4       0x10 /opt/riscv/lib/gcc/riscv32-unknown-elf/13.2.0/../../../../riscv32-unknown-elf/lib/libc.a(libc_a-vfiprintf.o)

.rodata._vfiprintf_r.str1.4
                0x000016c4       0x2f
 .rodata._vfiprintf_r.str1.4
                0x000016c4       0x2f /opt/riscv/lib/gcc/riscv32-unknown-elf/13.2.0/../../../../riscv32-unknown-elf/lib/libc.a(libc_a-vfiprintf.o)

.rodata._vfiprintf_r
                0x000016f4      0x16c
 .rodata._vfiprintf_r
                0x000016f4      0x16c /opt/riscv/lib/gcc/riscv32-unknown-elf/13.2.0/../../../../riscv32-unknown-elf/lib/libc.a(libc_a-vfiprintf.o)

.rodata.__gdtoa.str1.4
                0x00001860       0x12
 .rodata.__gdtoa.str1.4
                0x00001860       0x12 /opt/riscv/lib/gcc/riscv32-unknown-elf/13.2.0/../../../../riscv32-unknown-elf/lib/libc.a(libc_a-gdtoa-gdtoa.o)

.srodata.cst8   0x00001878       0x68
 .srodata.cst8  0x00001878       0x68 /opt/riscv/lib/gcc/riscv32-unknown-elf/13.2.0/../../../../riscv32-unknown-elf/lib/libc.a(libc_a-gdtoa-gdtoa.o)
 .srodata.cst8  0x000018e0       0x10 /opt/riscv/lib/gcc/riscv32-unknown-elf/13.2.0/../../../../riscv32-unknown-elf/lib/libc.a(libc_a-mprec.o)

.rodata._setlocale_r.str1.4
                0x000018e0        0xe
 .rodata._setlocale_r.str1.4
                0x000018e0        0xe /opt/riscv/lib/gcc/riscv32-unknown-elf/13.2.0/../../../../riscv32-unknown-elf/lib/libc.a(libc_a-locale.o)
                                  0xd (size before relaxing)

.rodata.__multadd.str1.4
                0x000018f0       0x63
 .rodata.__multadd.str1.4
                0x000018f0       0x63 /opt/riscv/lib/gcc/riscv32-unknown-elf/13.2.0/../../../../riscv32-unknown-elf/lib/libc.a(libc_a-mprec.o)

.rodata.p05.0   0x00001954        0xc
 .rodata.p05.0  0x00001954        0xc /opt/riscv/lib/gcc/riscv32-unknown-elf/13.2.0/../../../../riscv32-unknown-elf/lib/libc.a(libc_a-mprec.o)

.rodata.__mprec_tinytens
                0x00001960       0x28
 .rodata.__mprec_tinytens
                0x00001960       0x28 /opt/riscv/lib/gcc/riscv32-unknown-elf/13.2.0/../../../../riscv32-unknown-elf/lib/libc.a(libc_a-mprec.o)
                0x00001960                __mprec_tinytens

.rodata.__mprec_bigtens
                0x00001988       0x28
 .rodata.__mprec_bigtens
                0x00001988       0x28 /opt/riscv/lib/gcc/riscv32-unknown-elf/13.2.0/../../../../riscv32-unknown-elf/lib/libc.a(libc_a-mprec.o)
                0x00001988                __mprec_bigtens

.rodata.__mprec_tens
                0x000019b0       0xc8
 .rodata.__mprec_tens
                0x000019b0       0xc8 /opt/riscv/lib/gcc/riscv32-unknown-elf/13.2.0/../../../../riscv32-unknown-elf/lib/libc.a(libc_a-mprec.o)
                0x000019b0                __mprec_tens

.rodata._ctype_
                0x00001a78      0x101
 .rodata._ctype_
                0x00001a78      0x101 /opt/riscv/lib/gcc/riscv32-unknown-elf/13.2.0/../../../../riscv32-unknown-elf/lib/libc.a(libc_a-ctype_.o)
                0x00001a78                _ctype_

.rodata.__assert_func.str1.4
                0x00001b7c       0x3f
 .rodata.__assert_func.str1.4
                0x00001b7c       0x3f /opt/riscv/lib/gcc/riscv32-unknown-elf/13.2.0/../../../../riscv32-unknown-elf/lib/libc.a(libc_a-assert.o)
                                 0x43 (size before relaxing)

.bss            0x00001bbb        0x0
 .bss           0x00001bbb        0x0 build/print.o
 .bss           0x00001bbb        0x0 build/firmware.o
 .bss           0x00001bbb        0x0 build/start.o
 .bss           0x00001bbb        0x0 /opt/riscv/lib/gcc/riscv32-unknown-elf/13.2.0/libgcc.a(muldi3.o)
 .bss           0x00001bbb        0x0 /opt/riscv/lib/gcc/riscv32-unknown-elf/13.2.0/../../../../riscv32-unknown-elf/lib/libc.a(libc_a-printf.o)
 .bss           0x00001bbb        0x0 /opt/riscv/lib/gcc/riscv32-unknown-elf/13.2.0/../../../../riscv32-unknown-elf/lib/libc.a(libc_a-impure.o)
 .bss           0x00001bbb        0x0 /opt/riscv/lib/gcc/riscv32-unknown-elf/13.2.0/../../../../riscv32-unknown-elf/lib/libc.a(libc_a-findfp.o)
 .bss           0x00001bbb        0x0 /opt/riscv/lib/gcc/riscv32-unknown-elf/13.2.0/../../../../riscv32-unknown-elf/lib/libc.a(libc_a-stdio.o)
 .bss           0x00001bbb        0x0 /opt/riscv/lib/gcc/riscv32-unknown-elf/13.2.0/../../../../riscv32-unknown-elf/lib/libc.a(libc_a-fwalk.o)
 .bss           0x00001bbb        0x0 /opt/riscv/lib/gcc/riscv32-unknown-elf/13.2.0/../../../../riscv32-unknown-elf/lib/libc.a(libc_a-writer.o)
 .bss           0x00001bbb        0x0 /opt/riscv/lib/gcc/riscv32-unknown-elf/13.2.0/../../../../riscv32-unknown-elf/lib/libc.a(libc_a-vfprintf.o)
 .bss           0x00001bbb        0x0 /opt/riscv/lib/gcc/riscv32-unknown-elf/13.2.0/../../../../riscv32-unknown-elf/lib/libc.a(libc_a-vfiprintf.o)
 .bss           0x00001bbb        0x0 /opt/riscv/lib/gcc/riscv32-unknown-elf/13.2.0/../../../../riscv32-unknown-elf/lib/libc.a(libc_a-mallocr.o)
 .bss           0x00001bbb        0x0 /opt/riscv/lib/gcc/riscv32-unknown-elf/13.2.0/../../../../riscv32-unknown-elf/lib/libc.a(libc_a-memchr.o)
 .bss           0x00001bbb        0x0 /opt/riscv/lib/gcc/riscv32-unknown-elf/13.2.0/../../../../riscv32-unknown-elf/lib/libc.a(libc_a-localeconv.o)
 .bss           0x00001bbb        0x0 /opt/riscv/lib/gcc/riscv32-unknown-elf/13.2.0/../../../../riscv32-unknown-elf/lib/libc.a(libc_a-fclose.o)
 .bss           0x00001bbb        0x0 /opt/riscv/lib/gcc/riscv32-unknown-elf/13.2.0/../../../../riscv32-unknown-elf/lib/libc.a(libc_a-memset.o)
 .bss           0x00001bbb        0x0 /opt/riscv/lib/gcc/riscv32-unknown-elf/13.2.0/../../../../riscv32-unknown-elf/lib/libc.a(libc_a-wsetup.o)
 .bss           0x00001bbb        0x0 /opt/riscv/lib/gcc/riscv32-unknown-elf/13.2.0/../../../../riscv32-unknown-elf/lib/libc.a(libc_a-makebuf.o)
 .bss           0x00001bbb        0x0 /opt/riscv/lib/gcc/riscv32-unknown-elf/13.2.0/../../../../riscv32-unknown-elf/lib/libc.a(libc_a-strlen.o)
 .bss           0x00001bbb        0x0 /opt/riscv/lib/gcc/riscv32-unknown-elf/13.2.0/../../../../riscv32-unknown-elf/lib/libc.a(libc_a-mlock.o)
 .bss           0x00001bbb        0x0 /opt/riscv/lib/gcc/riscv32-unknown-elf/13.2.0/../../../../riscv32-unknown-elf/lib/libc.a(libc_a-closer.o)
 .bss           0x00001bbb        0x0 /opt/riscv/lib/gcc/riscv32-unknown-elf/13.2.0/../../../../riscv32-unknown-elf/lib/libc.a(libc_a-reent.o)
 .bss           0x00001bbb        0x0 /opt/riscv/lib/gcc/riscv32-unknown-elf/13.2.0/../../../../riscv32-unknown-elf/lib/libc.a(libc_a-fflush.o)
 .bss           0x00001bbb        0x0 /opt/riscv/lib/gcc/riscv32-unknown-elf/13.2.0/../../../../riscv32-unknown-elf/lib/libc.a(libm_a-frexpl.o)
 .bss           0x00001bbb        0x0 /opt/riscv/lib/gcc/riscv32-unknown-elf/13.2.0/../../../../riscv32-unknown-elf/lib/libc.a(libc_a-freer.o)
 .bss           0x00001bbb        0x0 /opt/riscv/lib/gcc/riscv32-unknown-elf/13.2.0/../../../../riscv32-unknown-elf/lib/libc.a(libc_a-strncpy.o)
 .bss           0x00001bbb        0x0 /opt/riscv/lib/gcc/riscv32-unknown-elf/13.2.0/../../../../riscv32-unknown-elf/lib/libc.a(libc_a-fstatr.o)
 .bss           0x00001bbb        0x0 /opt/riscv/lib/gcc/riscv32-unknown-elf/13.2.0/../../../../riscv32-unknown-elf/lib/libc.a(libc_a-isattyr.o)
 .bss           0x00001bbb        0x0 /opt/riscv/lib/gcc/riscv32-unknown-elf/13.2.0/../../../../riscv32-unknown-elf/lib/libc.a(libc_a-lseekr.o)
 .bss           0x00001bbb        0x0 /opt/riscv/lib/gcc/riscv32-unknown-elf/13.2.0/../../../../riscv32-unknown-elf/lib/libc.a(libc_a-readr.o)
 .bss           0x00001bbb        0x0 /opt/riscv/lib/gcc/riscv32-unknown-elf/13.2.0/../../../../riscv32-unknown-elf/lib/libc.a(libc_a-fputwc.o)
 .bss           0x00001bbb        0x0 /opt/riscv/lib/gcc/riscv32-unknown-elf/13.2.0/../../../../riscv32-unknown-elf/lib/libc.a(libc_a-gdtoa-ldtoa.o)
 .bss           0x00001bbb        0x0 /opt/riscv/lib/gcc/riscv32-unknown-elf/13.2.0/../../../../riscv32-unknown-elf/lib/libc.a(libc_a-gdtoa-gdtoa.o)
 .bss           0x00001bbb        0x0 /opt/riscv/lib/gcc/riscv32-unknown-elf/13.2.0/../../../../riscv32-unknown-elf/lib/libc.a(libc_a-gdtoa-dmisc.o)
 .bss           0x00001bbb        0x0 /opt/riscv/lib/gcc/riscv32-unknown-elf/13.2.0/../../../../riscv32-unknown-elf/lib/libc.a(libc_a-gdtoa-gmisc.o)
 .bss           0x00001bbb        0x0 /opt/riscv/lib/gcc/riscv32-unknown-elf/13.2.0/../../../../riscv32-unknown-elf/lib/libc.a(libc_a-sbrkr.o)
 .bss           0x00001bbb        0x0 /opt/riscv/lib/gcc/riscv32-unknown-elf/13.2.0/../../../../riscv32-unknown-elf/lib/libc.a(libc_a-fvwrite.o)
 .bss           0x00001bbb        0x0 /opt/riscv/lib/gcc/riscv32-unknown-elf/13.2.0/../../../../riscv32-unknown-elf/lib/libc.a(libc_a-wbuf.o)
 .bss           0x00001bbb        0x0 /opt/riscv/lib/gcc/riscv32-unknown-elf/13.2.0/../../../../riscv32-unknown-elf/lib/libc.a(libc_a-wcrtomb.o)
 .bss           0x00001bbb        0x0 /opt/riscv/lib/gcc/riscv32-unknown-elf/13.2.0/../../../../riscv32-unknown-elf/lib/libc.a(libc_a-locale.o)
 .bss           0x00001bbb        0x0 /opt/riscv/lib/gcc/riscv32-unknown-elf/13.2.0/../../../../riscv32-unknown-elf/lib/libc.a(libc_a-memmove-stub.o)
 .bss           0x00001bbb        0x0 /opt/riscv/lib/gcc/riscv32-unknown-elf/13.2.0/../../../../riscv32-unknown-elf/lib/libc.a(libc_a-memcpy.o)
 .bss           0x00001bbb        0x0 /opt/riscv/lib/gcc/riscv32-unknown-elf/13.2.0/../../../../riscv32-unknown-elf/lib/libc.a(libc_a-strcmp.o)
 .bss           0x00001bbb        0x0 /opt/riscv/lib/gcc/riscv32-unknown-elf/13.2.0/../../../../riscv32-unknown-elf/lib/libc.a(libc_a-mprec.o)
 .bss           0x00001bbb        0x0 /opt/riscv/lib/gcc/riscv32-unknown-elf/13.2.0/../../../../riscv32-unknown-elf/lib/libc.a(libc_a-callocr.o)
 .bss           0x00001bbb        0x0 /opt/riscv/lib/gcc/riscv32-unknown-elf/13.2.0/../../../../riscv32-unknown-elf/lib/libc.a(libc_a-ctype_.o)
 .bss           0x00001bbb        0x0 /opt/riscv/lib/gcc/riscv32-unknown-elf/13.2.0/../../../../riscv32-unknown-elf/lib/libc.a(libc_a-reallocr.o)
 .bss           0x00001bbb        0x0 /opt/riscv/lib/gcc/riscv32-unknown-elf/13.2.0/../../../../riscv32-unknown-elf/lib/libc.a(libc_a-wctomb_r.o)
 .bss           0x00001bbb        0x0 /opt/riscv/lib/gcc/riscv32-unknown-elf/13.2.0/../../../../riscv32-unknown-elf/lib/libc.a(libc_a-errno.o)
 .bss           0x00001bbb        0x0 /opt/riscv/lib/gcc/riscv32-unknown-elf/13.2.0/../../../../riscv32-unknown-elf/lib/libc.a(libc_a-mbtowc_r.o)
 .bss           0x00001bbb        0x0 /opt/riscv/lib/gcc/riscv32-unknown-elf/13.2.0/../../../../riscv32-unknown-elf/lib/libc.a(libc_a-assert.o)
 .bss           0x00001bbb        0x0 /opt/riscv/lib/gcc/riscv32-unknown-elf/13.2.0/../../../../riscv32-unknown-elf/lib/libc.a(libc_a-fiprintf.o)
 .bss           0x00001bbb        0x0 /opt/riscv/lib/gcc/riscv32-unknown-elf/13.2.0/../../../../riscv32-unknown-elf/lib/libc.a(libc_a-abort.o)
 .bss           0x00001bbb        0x0 /opt/riscv/lib/gcc/riscv32-unknown-elf/13.2.0/../../../../riscv32-unknown-elf/lib/libc.a(libc_a-signal.o)
 .bss           0x00001bbb        0x0 /opt/riscv/lib/gcc/riscv32-unknown-elf/13.2.0/../../../../riscv32-unknown-elf/lib/libc.a(libc_a-signalr.o)
 .bss           0x00001bbb        0x0 /opt/riscv/lib/gcc/riscv32-unknown-elf/13.2.0/../../../../riscv32-unknown-elf/lib/libgloss.a(riscv_libgloss_a-sys_close.o)
 .bss           0x00001bbb        0x0 /opt/riscv/lib/gcc/riscv32-unknown-elf/13.2.0/../../../../riscv32-unknown-elf/lib/libgloss.a(riscv_libgloss_a-sys_exit.o)
 .bss           0x00001bbb        0x0 /opt/riscv/lib/gcc/riscv32-unknown-elf/13.2.0/../../../../riscv32-unknown-elf/lib/libgloss.a(riscv_libgloss_a-sys_fstat.o)
 .bss           0x00001bbb        0x0 /opt/riscv/lib/gcc/riscv32-unknown-elf/13.2.0/../../../../riscv32-unknown-elf/lib/libgloss.a(riscv_libgloss_a-sys_getpid.o)
 .bss           0x00001bbb        0x0 /opt/riscv/lib/gcc/riscv32-unknown-elf/13.2.0/../../../../riscv32-unknown-elf/lib/libgloss.a(riscv_libgloss_a-sys_isatty.o)
 .bss           0x00001bbb        0x0 /opt/riscv/lib/gcc/riscv32-unknown-elf/13.2.0/../../../../riscv32-unknown-elf/lib/libgloss.a(riscv_libgloss_a-sys_kill.o)
 .bss           0x00001bbb        0x0 /opt/riscv/lib/gcc/riscv32-unknown-elf/13.2.0/../../../../riscv32-unknown-elf/lib/libgloss.a(riscv_libgloss_a-sys_lseek.o)
 .bss           0x00001bbb        0x0 /opt/riscv/lib/gcc/riscv32-unknown-elf/13.2.0/../../../../riscv32-unknown-elf/lib/libgloss.a(riscv_libgloss_a-sys_read.o)
 .bss           0x00001bbb        0x0 /opt/riscv/lib/gcc/riscv32-unknown-elf/13.2.0/../../../../riscv32-unknown-elf/lib/libgloss.a(riscv_libgloss_a-sys_sbrk.o)
 .bss           0x00001bbb        0x0 /opt/riscv/lib/gcc/riscv32-unknown-elf/13.2.0/../../../../riscv32-unknown-elf/lib/libgloss.a(riscv_libgloss_a-sys_write.o)
 .bss           0x00001bbb        0x0 /opt/riscv/lib/gcc/riscv32-unknown-elf/13.2.0/../../../../riscv32-unknown-elf/lib/libgloss.a(riscv_libgloss_a-sys_conv_stat.o)
 .bss           0x00001bbb        0x0 /opt/riscv/lib/gcc/riscv32-unknown-elf/13.2.0/libgcc.a(eqtf2.o)
 .bss           0x00001bbb        0x0 /opt/riscv/lib/gcc/riscv32-unknown-elf/13.2.0/libgcc.a(getf2.o)
 .bss           0x00001bbb        0x0 /opt/riscv/lib/gcc/riscv32-unknown-elf/13.2.0/libgcc.a(letf2.o)
 .bss           0x00001bbb        0x0 /opt/riscv/lib/gcc/riscv32-unknown-elf/13.2.0/libgcc.a(multf3.o)
 .bss           0x00001bbb        0x0 /opt/riscv/lib/gcc/riscv32-unknown-elf/13.2.0/libgcc.a(subtf3.o)
 .bss           0x00001bbb        0x0 /opt/riscv/lib/gcc/riscv32-unknown-elf/13.2.0/libgcc.a(unordtf2.o)
 .bss           0x00001bbb        0x0 /opt/riscv/lib/gcc/riscv32-unknown-elf/13.2.0/libgcc.a(fixtfsi.o)
 .bss           0x00001bbb        0x0 /opt/riscv/lib/gcc/riscv32-unknown-elf/13.2.0/libgcc.a(floatsitf.o)
 .bss           0x00001bbb        0x0 /opt/riscv/lib/gcc/riscv32-unknown-elf/13.2.0/libgcc.a(extenddftf2.o)
 .bss           0x00001bbb        0x0 /opt/riscv/lib/gcc/riscv32-unknown-elf/13.2.0/libgcc.a(_clzsi2.o)
 .bss           0x00001bbb        0x0 /opt/riscv/lib/gcc/riscv32-unknown-elf/13.2.0/libgcc.a(_clz.o)

.bss.__sf       0x00001bbc      0x138
 .bss.__sf      0x00001bbc      0x138 /opt/riscv/lib/gcc/riscv32-unknown-elf/13.2.0/../../../../riscv32-unknown-elf/lib/libc.a(libc_a-findfp.o)
                0x00001bbc                __sf

.sbss.__stdio_exit_handler
                0x00001cf4        0x4
 .sbss.__stdio_exit_handler
                0x00001cf4        0x4 /opt/riscv/lib/gcc/riscv32-unknown-elf/13.2.0/../../../../riscv32-unknown-elf/lib/libc.a(libc_a-findfp.o)
                0x00001cf4                __stdio_exit_handler

.bss.__malloc_current_mallinfo
                0x00001cf8       0x28
 .bss.__malloc_current_mallinfo
                0x00001cf8       0x28 /opt/riscv/lib/gcc/riscv32-unknown-elf/13.2.0/../../../../riscv32-unknown-elf/lib/libc.a(libc_a-mallocr.o)
                0x00001cf8                __malloc_current_mallinfo

.sbss.__malloc_max_total_mem
                0x00001d20        0x4
 .sbss.__malloc_max_total_mem
                0x00001d20        0x4 /opt/riscv/lib/gcc/riscv32-unknown-elf/13.2.0/../../../../riscv32-unknown-elf/lib/libc.a(libc_a-mallocr.o)
                0x00001d20                __malloc_max_total_mem

.sbss.__malloc_max_sbrked_mem
                0x00001d24        0x4
 .sbss.__malloc_max_sbrked_mem
                0x00001d24        0x4 /opt/riscv/lib/gcc/riscv32-unknown-elf/13.2.0/../../../../riscv32-unknown-elf/lib/libc.a(libc_a-mallocr.o)
                0x00001d24                __malloc_max_sbrked_mem

.sbss.__malloc_top_pad
                0x00001d28        0x4
 .sbss.__malloc_top_pad
                0x00001d28        0x4 /opt/riscv/lib/gcc/riscv32-unknown-elf/13.2.0/../../../../riscv32-unknown-elf/lib/libc.a(libc_a-mallocr.o)
                0x00001d28                __malloc_top_pad

.sbss.errno     0x00001d2c        0x4
 .sbss.errno    0x00001d2c        0x4 /opt/riscv/lib/gcc/riscv32-unknown-elf/13.2.0/../../../../riscv32-unknown-elf/lib/libc.a(libc_a-reent.o)
                0x00001d2c                errno

.sbss._PathLocale
                0x00001d30        0x4
 .sbss._PathLocale
                0x00001d30        0x4 /opt/riscv/lib/gcc/riscv32-unknown-elf/13.2.0/../../../../riscv32-unknown-elf/lib/libc.a(libc_a-locale.o)
                0x00001d30                _PathLocale

.sbss.heap_end.0
                0x00001d34        0x4
 .sbss.heap_end.0
                0x00001d34        0x4 /opt/riscv/lib/gcc/riscv32-unknown-elf/13.2.0/../../../../riscv32-unknown-elf/lib/libgloss.a(riscv_libgloss_a-sys_sbrk.o)

/DISCARD/
 *(.note*)
 *(.iplt*)
 *(.igot*)
 *(.rel*)
 *(.comment)
 *(.riscv.attributes)
LOAD build/print.o
LOAD build/firmware.o
LOAD build/start.o
LOAD /opt/riscv/lib/gcc/riscv32-unknown-elf/13.2.0/libgcc.a
START GROUP
LOAD /opt/riscv/lib/gcc/riscv32-unknown-elf/13.2.0/../../../../riscv32-unknown-elf/lib/libc.a
LOAD /opt/riscv/lib/gcc/riscv32-unknown-elf/13.2.0/../../../../riscv32-unknown-elf/lib/libgloss.a
END GROUP
LOAD /opt/riscv/lib/gcc/riscv32-unknown-elf/13.2.0/libgcc.a
OUTPUT(firmware.elf elf32-littleriscv)
